Archive member included to satisfy reference by file (symbol)

/home/shay/a/ece362/Ac6/SystemWorkbench/plugins/fr.ac6.mcu.externaltools.arm-none.linux64_1.17.0.201812190825/tools/compiler/bin/../lib/gcc/arm-none-eabi/7.3.1/../../../../arm-none-eabi/lib/thumb/v6-m/libm.a(lib_a-s_sin.o)
                              src/wavetable.o (sin)
/home/shay/a/ece362/Ac6/SystemWorkbench/plugins/fr.ac6.mcu.externaltools.arm-none.linux64_1.17.0.201812190825/tools/compiler/bin/../lib/gcc/arm-none-eabi/7.3.1/../../../../arm-none-eabi/lib/thumb/v6-m/libm.a(lib_a-e_rem_pio2.o)
                              /home/shay/a/ece362/Ac6/SystemWorkbench/plugins/fr.ac6.mcu.externaltools.arm-none.linux64_1.17.0.201812190825/tools/compiler/bin/../lib/gcc/arm-none-eabi/7.3.1/../../../../arm-none-eabi/lib/thumb/v6-m/libm.a(lib_a-s_sin.o) (__ieee754_rem_pio2)
/home/shay/a/ece362/Ac6/SystemWorkbench/plugins/fr.ac6.mcu.externaltools.arm-none.linux64_1.17.0.201812190825/tools/compiler/bin/../lib/gcc/arm-none-eabi/7.3.1/../../../../arm-none-eabi/lib/thumb/v6-m/libm.a(lib_a-k_cos.o)
                              /home/shay/a/ece362/Ac6/SystemWorkbench/plugins/fr.ac6.mcu.externaltools.arm-none.linux64_1.17.0.201812190825/tools/compiler/bin/../lib/gcc/arm-none-eabi/7.3.1/../../../../arm-none-eabi/lib/thumb/v6-m/libm.a(lib_a-s_sin.o) (__kernel_cos)
/home/shay/a/ece362/Ac6/SystemWorkbench/plugins/fr.ac6.mcu.externaltools.arm-none.linux64_1.17.0.201812190825/tools/compiler/bin/../lib/gcc/arm-none-eabi/7.3.1/../../../../arm-none-eabi/lib/thumb/v6-m/libm.a(lib_a-k_rem_pio2.o)
                              /home/shay/a/ece362/Ac6/SystemWorkbench/plugins/fr.ac6.mcu.externaltools.arm-none.linux64_1.17.0.201812190825/tools/compiler/bin/../lib/gcc/arm-none-eabi/7.3.1/../../../../arm-none-eabi/lib/thumb/v6-m/libm.a(lib_a-e_rem_pio2.o) (__kernel_rem_pio2)
/home/shay/a/ece362/Ac6/SystemWorkbench/plugins/fr.ac6.mcu.externaltools.arm-none.linux64_1.17.0.201812190825/tools/compiler/bin/../lib/gcc/arm-none-eabi/7.3.1/../../../../arm-none-eabi/lib/thumb/v6-m/libm.a(lib_a-k_sin.o)
                              /home/shay/a/ece362/Ac6/SystemWorkbench/plugins/fr.ac6.mcu.externaltools.arm-none.linux64_1.17.0.201812190825/tools/compiler/bin/../lib/gcc/arm-none-eabi/7.3.1/../../../../arm-none-eabi/lib/thumb/v6-m/libm.a(lib_a-s_sin.o) (__kernel_sin)
/home/shay/a/ece362/Ac6/SystemWorkbench/plugins/fr.ac6.mcu.externaltools.arm-none.linux64_1.17.0.201812190825/tools/compiler/bin/../lib/gcc/arm-none-eabi/7.3.1/../../../../arm-none-eabi/lib/thumb/v6-m/libm.a(lib_a-s_fabs.o)
                              /home/shay/a/ece362/Ac6/SystemWorkbench/plugins/fr.ac6.mcu.externaltools.arm-none.linux64_1.17.0.201812190825/tools/compiler/bin/../lib/gcc/arm-none-eabi/7.3.1/../../../../arm-none-eabi/lib/thumb/v6-m/libm.a(lib_a-e_rem_pio2.o) (fabs)
/home/shay/a/ece362/Ac6/SystemWorkbench/plugins/fr.ac6.mcu.externaltools.arm-none.linux64_1.17.0.201812190825/tools/compiler/bin/../lib/gcc/arm-none-eabi/7.3.1/../../../../arm-none-eabi/lib/thumb/v6-m/libm.a(lib_a-s_floor.o)
                              /home/shay/a/ece362/Ac6/SystemWorkbench/plugins/fr.ac6.mcu.externaltools.arm-none.linux64_1.17.0.201812190825/tools/compiler/bin/../lib/gcc/arm-none-eabi/7.3.1/../../../../arm-none-eabi/lib/thumb/v6-m/libm.a(lib_a-k_rem_pio2.o) (floor)
/home/shay/a/ece362/Ac6/SystemWorkbench/plugins/fr.ac6.mcu.externaltools.arm-none.linux64_1.17.0.201812190825/tools/compiler/bin/../lib/gcc/arm-none-eabi/7.3.1/../../../../arm-none-eabi/lib/thumb/v6-m/libm.a(lib_a-s_scalbn.o)
                              /home/shay/a/ece362/Ac6/SystemWorkbench/plugins/fr.ac6.mcu.externaltools.arm-none.linux64_1.17.0.201812190825/tools/compiler/bin/../lib/gcc/arm-none-eabi/7.3.1/../../../../arm-none-eabi/lib/thumb/v6-m/libm.a(lib_a-k_rem_pio2.o) (scalbn)
/home/shay/a/ece362/Ac6/SystemWorkbench/plugins/fr.ac6.mcu.externaltools.arm-none.linux64_1.17.0.201812190825/tools/compiler/bin/../lib/gcc/arm-none-eabi/7.3.1/../../../../arm-none-eabi/lib/thumb/v6-m/libm.a(lib_a-s_copysign.o)
                              /home/shay/a/ece362/Ac6/SystemWorkbench/plugins/fr.ac6.mcu.externaltools.arm-none.linux64_1.17.0.201812190825/tools/compiler/bin/../lib/gcc/arm-none-eabi/7.3.1/../../../../arm-none-eabi/lib/thumb/v6-m/libm.a(lib_a-s_scalbn.o) (copysign)
/home/shay/a/ece362/Ac6/SystemWorkbench/plugins/fr.ac6.mcu.externaltools.arm-none.linux64_1.17.0.201812190825/tools/compiler/bin/../lib/gcc/arm-none-eabi/7.3.1/thumb/v6-m/libgcc.a(_udivsi3.o)
                              StdPeriph_Driver/src/stm32f0xx_rcc.o (__aeabi_uidiv)
/home/shay/a/ece362/Ac6/SystemWorkbench/plugins/fr.ac6.mcu.externaltools.arm-none.linux64_1.17.0.201812190825/tools/compiler/bin/../lib/gcc/arm-none-eabi/7.3.1/thumb/v6-m/libgcc.a(_divsi3.o)
                              src/lcd.o (__aeabi_idiv)
[...]
Memory Configuration

Name             Origin             Length             Attributes
RAM              0x0000000020000000 0x0000000000008000 xrw
ROM              0x0000000008000000 0x0000000000040000 xr
*default*        0x0000000000000000 0xffffffffffffffff

Linker script and memory map

LOAD /home/shay/a/ece362/Ac6/SystemWorkbench/plugins/fr.ac6.mcu.externaltools.arm-none.linux64_1.17.0.201812190825/tools/compiler/bin/../lib/gcc/arm-none-eabi/7.3.1/thumb/v6-m/crti.o
LOAD /home/shay/a/ece362/Ac6/SystemWorkbench/plugins/fr.ac6.mcu.externaltools.arm-none.linux64_1.17.0.201812190825/tools/compiler/bin/../lib/gcc/arm-none-eabi/7.3.1/thumb/v6-m/crtbegin.o
LOAD /home/shay/a/ece362/Ac6/SystemWorkbench/plugins/fr.ac6.mcu.externaltools.arm-none.linux64_1.17.0.201812190825/tools/compiler/bin/../lib/gcc/arm-none-eabi/7.3.1/../../../../arm-none-eabi/lib/thumb/v6-m/crt0.o
LOAD StdPeriph_Driver/src/stm32f0xx_adc.o
LOAD StdPeriph_Driver/src/stm32f0xx_can.o
LOAD StdPeriph_Driver/src/stm32f0xx_cec.o
LOAD StdPeriph_Driver/src/stm32f0xx_comp.o
LOAD StdPeriph_Driver/src/stm32f0xx_crc.o
LOAD StdPeriph_Driver/src/stm32f0xx_crs.o
LOAD StdPeriph_Driver/src/stm32f0xx_dac.o
LOAD StdPeriph_Driver/src/stm32f0xx_dbgmcu.o
LOAD StdPeriph_Driver/src/stm32f0xx_dma.o
LOAD StdPeriph_Driver/src/stm32f0xx_exti.o
LOAD StdPeriph_Driver/src/stm32f0xx_flash.o
LOAD StdPeriph_Driver/src/stm32f0xx_gpio.o
LOAD StdPeriph_Driver/src/stm32f0xx_i2c.o
LOAD StdPeriph_Driver/src/stm32f0xx_iwdg.o
LOAD StdPeriph_Driver/src/stm32f0xx_misc.o
LOAD StdPeriph_Driver/src/stm32f0xx_pwr.o
LOAD StdPeriph_Driver/src/stm32f0xx_rcc.o
LOAD StdPeriph_Driver/src/stm32f0xx_rtc.o
LOAD StdPeriph_Driver/src/stm32f0xx_spi.o
LOAD StdPeriph_Driver/src/stm32f0xx_syscfg.o
LOAD StdPeriph_Driver/src/stm32f0xx_tim.o
LOAD StdPeriph_Driver/src/stm32f0xx_usart.o
LOAD StdPeriph_Driver/src/stm32f0xx_wwdg.o
LOAD src/background.o
LOAD src/ball.o
LOAD src/cat.o
LOAD src/fifo.o
LOAD src/lcd.o
LOAD src/main.o
LOAD src/map_bank.o
LOAD src/midi.o
LOAD src/step.o
LOAD src/super.o
LOAD src/support.o
LOAD src/syscalls.o
LOAD src/system_stm32f0xx.o
LOAD src/tty.o
LOAD src/wall.o
LOAD src/wavetable.o
LOAD startup/startup_stm32.o
LOAD /home/shay/a/ece362/Ac6/SystemWorkbench/plugins/fr.ac6.mcu.externaltools.arm-none.linux64_1.17.0.201812190825/tools/compiler/bin/../lib/gcc/arm-none-eabi/7.3.1/../../../../arm-none-eabi/lib/thumb/v6-m/libm.a
START GROUP
LOAD /home/shay/a/ece362/Ac6/SystemWorkbench/plugins/fr.ac6.mcu.externaltools.arm-none.linux64_1.17.0.201812190825/tools/compiler/bin/../lib/gcc/arm-none-eabi/7.3.1/thumb/v6-m/libgcc.a
LOAD /home/shay/a/ece362/Ac6/SystemWorkbench/plugins/fr.ac6.mcu.externaltools.arm-none.linux64_1.17.0.201812190825/tools/compiler/bin/../lib/gcc/arm-none-eabi/7.3.1/../../../../arm-none-eabi/lib/thumb/v6-m/libc.a
END GROUP
LOAD /home/shay/a/ece362/Ac6/SystemWorkbench/plugins/fr.ac6.mcu.externaltools.arm-none.linux64_1.17.0.201812190825/tools/compiler/bin/../lib/gcc/arm-none-eabi/7.3.1/thumb/v6-m/crtend.o
LOAD /home/shay/a/ece362/Ac6/SystemWorkbench/plugins/fr.ac6.mcu.externaltools.arm-none.linux64_1.17.0.201812190825/tools/compiler/bin/../lib/gcc/arm-none-eabi/7.3.1/thumb/v6-m/crtn.o
                0x0000000020008000                _estack = 0x20008000
                0x0000000000000000                _Min_Heap_Size = 0x0
                0x0000000000000400                _Min_Stack_Size = 0x400

.isr_vector     0x0000000008000000       0xc0
                0x0000000008000000                . = ALIGN (0x4)
 *(.isr_vector)
 .isr_vector    0x0000000008000000       0xc0 startup/startup_stm32.o
                0x0000000008000000                g_pfnVectors
                0x00000000080000c0                . = ALIGN (0x4)

.text           0x00000000080000c0     0x9bd0
                0x00000000080000c0                . = ALIGN (0x4)
 *(.text)
 .text          0x00000000080000c0       0x48 /home/shay/a/ece362/Ac6/SystemWorkbench/plugins/fr.ac6.mcu.externaltools.arm-none.linux64_1.17.0.201812190825/tools/compiler/bin/../lib/gcc/arm-none-eabi/7.3.1/thumb/v6-m/crtbegin.o
 .text          0x0000000008000108      0x114 /home/shay/a/ece362/Ac6/SystemWorkbench/plugins/fr.ac6.mcu.externaltools.arm-none.linux64_1.17.0.201812190825/tools/compiler/bin/../lib/gcc/arm-none-eabi/7.3.1/thumb/v6-m/libgcc.a(_udivsi3.o)
                0x0000000008000108                __udivsi3
                0x0000000008000108                __aeabi_uidiv
                0x0000000008000214                __aeabi_uidivmod
 .text          0x000000000800021c      0x1d4 /home/shay/a/ece362/Ac6/SystemWorkbench/plugins/fr.ac6.mcu.externaltools.arm-none.linux64_1.17.0.201812190825/tools/compiler/bin/../lib/gcc/arm-none-eabi/7.3.1/thumb/v6-m/libgcc.a(_divsi3.o)
                0x000000000800021c                __aeabi_idiv
                0x000000000800021c                __divsi3
                0x00000000080003e8                __aeabi_idivmod
 .text          0x00000000080003f0        0x4 /home/shay/a/ece362/Ac6/SystemWorkbench/plugins/fr.ac6.mcu.externaltools.arm-none.linux64_1.17.0.201812190825/tools/compiler/bin/../lib/gcc/arm-none-eabi/7.3.1/thumb/v6-m/libgcc.a(_dvmd_tls.o)
                0x00000000080003f0                __aeabi_ldiv0
                0x00000000080003f0                __aeabi_idiv0
 .text          0x00000000080003f4       0x7c /home/shay/a/ece362/Ac6/SystemWorkbench/plugins/fr.ac6.mcu.externaltools.arm-none.linux64_1.17.0.201812190825/tools/compiler/bin/../lib/gcc/arm-none-eabi/7.3.1/thumb/v6-m/libgcc.a(_arm_cmpdf2.o)
                0x00000000080003f4                __aeabi_cdrcmple
                0x0000000008000404                __aeabi_cdcmple
                0x0000000008000404                __aeabi_cdcmpeq
                0x0000000008000414                __aeabi_dcmpeq
                0x0000000008000420                __aeabi_dcmplt
                0x0000000008000434                __aeabi_dcmple
                0x0000000008000448                __aeabi_dcmpgt
                0x000000000800045c                __aeabi_dcmpge
 .text          0x0000000008000470       0x54 /home/shay/a/ece362/Ac6/SystemWorkbench/plugins/fr.ac6.mcu.externaltools.arm-none.linux64_1.17.0.201812190825/tools/compiler/bin/../lib/gcc/arm-none-eabi/7.3.1/thumb/v6-m/libgcc.a(_muldi3.o)
                0x0000000008000470                __aeabi_lmul
                0x0000000008000470                __muldi3
 .text          0x00000000080004c4      0x264 /home/shay/a/ece362/Ac6/SystemWorkbench/plugins/fr.ac6.mcu.externaltools.arm-none.linux64_1.17.0.201812190825/tools/compiler/bin/../lib/gcc/arm-none-eabi/7.3.1/thumb/v6-m/libgcc.a(mulsf3.o)
                0x00000000080004c4                __aeabi_fmul
 .text          0x0000000008000728       0x40 /home/shay/a/ece362/Ac6/SystemWorkbench/plugins/fr.ac6.mcu.externaltools.arm-none.linux64_1.17.0.201812190825/tools/compiler/bin/../lib/gcc/arm-none-eabi/7.3.1/thumb/v6-m/libgcc.a(fixsfsi.o)
                0x0000000008000728                __aeabi_f2iz
 .text          0x0000000008000768       0x94 /home/shay/a/ece362/Ac6/SystemWorkbench/plugins/fr.ac6.mcu.externaltools.arm-none.linux64_1.17.0.201812190825/tools/compiler/bin/../lib/gcc/arm-none-eabi/7.3.1/thumb/v6-m/libgcc.a(floatsisf.o)
                0x0000000008000768                __aeabi_i2f
 .text          0x00000000080007fc      0x638 /home/shay/a/ece362/Ac6/SystemWorkbench/plugins/fr.ac6.mcu.externaltools.arm-none.linux64_1.17.0.201812190825/tools/compiler/bin/../lib/gcc/arm-none-eabi/7.3.1/thumb/v6-m/libgcc.a(adddf3.o)
                0x00000000080007fc                __aeabi_dadd
 .text          0x0000000008000e34      0x604 /home/shay/a/ece362/Ac6/SystemWorkbench/plugins/fr.ac6.mcu.externaltools.arm-none.linux64_1.17.0.201812190825/tools/compiler/bin/../lib/gcc/arm-none-eabi/7.3.1/thumb/v6-m/libgcc.a(divdf3.o)
                0x0000000008000e34                __aeabi_ddiv
 .text          0x0000000008001438       0x78 /home/shay/a/ece362/Ac6/SystemWorkbench/plugins/fr.ac6.mcu.externaltools.arm-none.linux64_1.17.0.201812190825/tools/compiler/bin/../lib/gcc/arm-none-eabi/7.3.1/thumb/v6-m/libgcc.a(eqdf2.o)
                0x0000000008001438                __eqdf2
                0x0000000008001438                __nedf2
 .text          0x00000000080014b0       0xc8 /home/shay/a/ece362/Ac6/SystemWorkbench/plugins/fr.ac6.mcu.externaltools.arm-none.linux64_1.17.0.201812190825/tools/compiler/bin/../lib/gcc/arm-none-eabi/7.3.1/thumb/v6-m/libgcc.a(gedf2.o)
                0x00000000080014b0                __gtdf2
                0x00000000080014b0                __gedf2
 .text          0x0000000008001578       0xd0 /home/shay/a/ece362/Ac6/SystemWorkbench/plugins/fr.ac6.mcu.externaltools.arm-none.linux64_1.17.0.201812190825/tools/compiler/bin/../lib/gcc/arm-none-eabi/7.3.1/thumb/v6-m/libgcc.a(ledf2.o)
                0x0000000008001578                __ltdf2
                0x0000000008001578                __ledf2
 .text          0x0000000008001648      0x4e4 /home/shay/a/ece362/Ac6/SystemWorkbench/plugins/fr.ac6.mcu.externaltools.arm-none.linux64_1.17.0.201812190825/tools/compiler/bin/../lib/gcc/arm-none-eabi/7.3.1/thumb/v6-m/libgcc.a(muldf3.o)
                0x0000000008001648                __aeabi_dmul
 .text          0x0000000008001b2c      0x690 /home/shay/a/ece362/Ac6/SystemWorkbench/plugins/fr.ac6.mcu.externaltools.arm-none.linux64_1.17.0.201812190825/tools/compiler/bin/../lib/gcc/arm-none-eabi/7.3.1/thumb/v6-m/libgcc.a(subdf3.o)
                0x0000000008001b2c                __aeabi_dsub
 .text          0x00000000080021bc       0x6c /home/shay/a/ece362/Ac6/SystemWorkbench/plugins/fr.ac6.mcu.externaltools.arm-none.linux64_1.17.0.201812190825/tools/compiler/bin/../lib/gcc/arm-none-eabi/7.3.1/thumb/v6-m/libgcc.a(fixdfsi.o)
                0x00000000080021bc                __aeabi_d2iz
 .text          0x0000000008002228       0x74 /home/shay/a/ece362/Ac6/SystemWorkbench/plugins/fr.ac6.mcu.externaltools.arm-none.linux64_1.17.0.201812190825/tools/compiler/bin/../lib/gcc/arm-none-eabi/7.3.1/thumb/v6-m/libgcc.a(floatsidf.o)
                0x0000000008002228                __aeabi_i2d
 .text          0x000000000800229c       0x3c /home/shay/a/ece362/Ac6/SystemWorkbench/plugins/fr.ac6.mcu.externaltools.arm-none.linux64_1.17.0.201812190825/tools/compiler/bin/../lib/gcc/arm-none-eabi/7.3.1/thumb/v6-m/libgcc.a(_clzsi2.o)
                0x000000000800229c                __clzsi2
 *(.text*)
 .text.tft_select
                0x00000000080022d8       0x54 src/lcd.o
 .text.tft_reset
                0x000000000800232c       0x2c src/lcd.o
 .text.tft_reg_select
                0x0000000008002358       0x2c src/lcd.o
 .text.nano_wait
                0x0000000008002384       0x18 src/lcd.o
 .text.LCD_Reset
                0x000000000800239c       0x38 src/lcd.o
                0x000000000800239c                LCD_Reset
 .text.LCD_WR_REG
                0x00000000080023d4       0x40 src/lcd.o
                0x00000000080023d4                LCD_WR_REG
 .text.LCD_WR_DATA
                0x0000000008002414       0x40 src/lcd.o
                0x0000000008002414                LCD_WR_DATA
 .text.LCD_WriteData16_Prepare
                0x0000000008002454       0x2c src/lcd.o
                0x0000000008002454                LCD_WriteData16_Prepare
 .text.LCD_WriteData16
                0x0000000008002480       0x30 src/lcd.o
                0x0000000008002480                LCD_WriteData16
 .text.LCD_WriteData16_End
                0x00000000080024b0       0x24 src/lcd.o
                0x00000000080024b0                LCD_WriteData16_End
 .text.LCD_WriteReg
                0x00000000080024d4       0x30 src/lcd.o
                0x00000000080024d4                LCD_WriteReg
 .text.LCD_WriteRAM_Prepare
                0x0000000008002504       0x1c src/lcd.o
                0x0000000008002504                LCD_WriteRAM_Prepare
 .text.LCD_direction
                0x0000000008002520       0xa4 src/lcd.o
                0x0000000008002520                LCD_direction
 .text.LCD_Init
                0x00000000080025c4      0x2a4 src/lcd.o
                0x00000000080025c4                LCD_Init
 .text.LCD_Setup
                0x0000000008002868       0x38 src/lcd.o
                0x0000000008002868                LCD_Setup
 .text.LCD_SetWindow
                0x00000000080028a0       0xc0 src/lcd.o
                0x00000000080028a0                LCD_SetWindow
 .text.LCD_Clear
                0x0000000008002960       0x84 src/lcd.o
                0x0000000008002960                LCD_Clear
 .text._LCD_DrawPoint
                0x00000000080029e4       0x4e src/lcd.o
 *fill*         0x0000000008002a32        0x2 
 .text._LCD_DrawChar
                0x0000000008002a34      0x22c src/lcd.o
                0x0000000008002a34                _LCD_DrawChar
 .text.LCD_DrawString
                0x0000000008002c60       0xc8 src/lcd.o
                0x0000000008002c60                LCD_DrawString
 .text.LCD_DrawPicture
                0x0000000008002d28      0x158 src/lcd.o
                0x0000000008002d28                LCD_DrawPicture
 .text.NVIC_SetPriority
                0x0000000008002e80       0xdc src/main.o
 .text.init_lcd_spi
                0x0000000008002f5c       0xec src/main.o
                0x0000000008002f5c                init_lcd_spi
 .text.setup_buttons
                0x0000000008003048       0x44 src/main.o
                0x0000000008003048                setup_buttons
 .text.TIM6_DAC_IRQHandler
                0x000000000800308c      0x140 src/main.o
                0x000000000800308c                TIM6_DAC_IRQHandler
 .text.init_dac
                0x00000000080031cc       0x6c src/main.o
                0x00000000080031cc                init_dac
 .text.init_tim6
                0x0000000008003238       0x88 src/main.o
                0x0000000008003238                init_tim6
 .text.note_off
                0x00000000080032c0       0xb4 src/main.o
                0x00000000080032c0                note_off
 .text.note_on  0x0000000008003374       0xdc src/main.o
                0x0000000008003374                note_on
 .text.clear_voice_array
                0x0000000008003450       0x98 src/main.o
                0x0000000008003450                clear_voice_array
 .text.set_tempo
                0x00000000080034e8       0x2a src/main.o
                0x00000000080034e8                set_tempo
 *fill*         0x0000000008003512        0x2 
 .text.pitch_wheel_change
                0x0000000008003514       0xb0 src/main.o
                0x0000000008003514                pitch_wheel_change
 .text.TIM2_IRQHandler
                0x00000000080035c4       0x22 src/main.o
                0x00000000080035c4                TIM2_IRQHandler
 *fill*         0x00000000080035e6        0x2 
 .text.init_tim2
                0x00000000080035e8       0x88 src/main.o
                0x00000000080035e8                init_tim2
 .text.__io_putchar
                0x0000000008003670       0x44 src/main.o
                0x0000000008003670                __io_putchar
 .text.__io_getchar
                0x00000000080036b4       0x44 src/main.o
                0x00000000080036b4                __io_getchar
 .text.init_tim7
                0x00000000080036f8       0x64 src/main.o
                0x00000000080036f8                init_tim7
 .text.init_touch
                0x000000000800375c       0x64 src/main.o
                0x000000000800375c                init_touch
 .text.setup_pa1_adc
                0x00000000080037c0       0x3c src/main.o
                0x00000000080037c0                setup_pa1_adc
 .text.setup_pa3_adc
                0x00000000080037fc       0x3c src/main.o
                0x00000000080037fc                setup_pa3_adc
 .text.setup_pa1_3v
                0x0000000008003838       0x32 src/main.o
                0x0000000008003838                setup_pa1_3v
 .text.setup_pa3_3v
                0x000000000800386a       0x32 src/main.o
                0x000000000800386a                setup_pa3_3v
 .text.setup_pa2_gnd
                0x000000000800389c       0x32 src/main.o
                0x000000000800389c                setup_pa2_gnd
 *fill*         0x00000000080038ce        0x2 
 .text.setup_pa4_gnd
                0x00000000080038d0       0x38 src/main.o
                0x00000000080038d0                setup_pa4_gnd
 .text.setup_pa2_open
                0x0000000008003908       0x2a src/main.o
                0x0000000008003908                setup_pa2_open
 *fill*         0x0000000008003932        0x2 
 .text.setup_pa4_open
                0x0000000008003934       0x30 src/main.o
                0x0000000008003934                setup_pa4_open
 .text.TIM7_IRQHandler
                0x0000000008003964      0x19c src/main.o
                0x0000000008003964                TIM7_IRQHandler
 .text.main     0x0000000008003b00       0xb4 src/main.o
                0x0000000008003b00                main
 .text.midi_error
                0x0000000008003bb4       0x16 src/midi.o
                0x0000000008003bb4                midi_error
 .text.header_info
                0x0000000008003bca       0x10 src/midi.o
                0x0000000008003bca                header_info
 .text.file_offset_info
                0x0000000008003bda       0x10 src/midi.o
                0x0000000008003bda                file_offset_info
 .text.track_info
                0x0000000008003bea       0x16 src/midi.o
                0x0000000008003bea                track_info
 .text.sysex_info
                0x0000000008003c00       0x16 src/midi.o
                0x0000000008003c00                sysex_info
 .text.key_pressure
                0x0000000008003c16       0x16 src/midi.o
                0x0000000008003c16                key_pressure
 .text.control_change
                0x0000000008003c2c       0x16 src/midi.o
                0x0000000008003c2c                control_change
 .text.program_change
                0x0000000008003c42       0x14 src/midi.o
                0x0000000008003c42                program_change
 .text.channel_pressure
                0x0000000008003c56       0x14 src/midi.o
                0x0000000008003c56                channel_pressure
 .text.text_event
                0x0000000008003c6a       0x12 src/midi.o
                0x0000000008003c6a                text_event
 .text.copyright_notice
                0x0000000008003c7c       0x12 src/midi.o
                0x0000000008003c7c                copyright_notice
 .text.track_name
                0x0000000008003c8e       0x12 src/midi.o
                0x0000000008003c8e                track_name
 .text.lyric    0x0000000008003ca0       0x14 src/midi.o
                0x0000000008003ca0                lyric
 .text.marker   0x0000000008003cb4       0x14 src/midi.o
                0x0000000008003cb4                marker
 .text.end_of_track
                0x0000000008003cc8       0x10 src/midi.o
                0x0000000008003cc8                end_of_track
 .text.smpte_offset
                0x0000000008003cd8       0x16 src/midi.o
                0x0000000008003cd8                smpte_offset
 .text.time_signature
                0x0000000008003cee       0x16 src/midi.o
                0x0000000008003cee                time_signature
 .text.key_signature
                0x0000000008003d04       0x1a src/midi.o
                0x0000000008003d04                key_signature
 .text.unknown_meta
                0x0000000008003d1e       0x16 src/midi.o
                0x0000000008003d1e                unknown_meta
 .text.intvar   0x0000000008003d34       0x3c src/midi.o
                0x0000000008003d34                intvar
 .text.int1     0x0000000008003d70       0x2a src/midi.o
                0x0000000008003d70                int1
 .text.int2     0x0000000008003d9a       0x3e src/midi.o
                0x0000000008003d9a                int2
 .text.int4     0x0000000008003dd8       0x66 src/midi.o
                0x0000000008003dd8                int4
 .text.eat      0x0000000008003e3e       0x42 src/midi.o
                0x0000000008003e3e                eat
 .text.midi_event
                0x0000000008003e80      0x19a src/midi.o
                0x0000000008003e80                midi_event
 *fill*         0x000000000800401a        0x2 
 .text.meta_event
                0x000000000800401c      0x17c src/midi.o
                0x000000000800401c                meta_event
 .text.sysex_event
                0x0000000008004198       0x64 src/midi.o
                0x0000000008004198                sysex_event
 .text.init_track
                0x00000000080041fc       0x64 src/midi.o
                0x00000000080041fc                init_track
 .text.track_interpret
                0x0000000008004260       0xec src/midi.o
                0x0000000008004260                track_interpret
 .text.midi_play
                0x000000000800434c       0xc4 src/midi.o
                0x000000000800434c                midi_play
 .text.midi_init
                0x0000000008004410       0xf8 src/midi.o
                0x0000000008004410                midi_init
 .text.pic_subset
                0x0000000008004508       0xc6 src/support.o
                0x0000000008004508                pic_subset
 .text.pic_overlay
                0x00000000080045ce       0xc8 src/support.o
                0x00000000080045ce                pic_overlay
 *fill*         0x0000000008004696        0x2 
 .text.update2  0x0000000008004698       0xf4 src/support.o
                0x0000000008004698                update2
 .text.update3  0x000000000800478c       0xf4 src/support.o
                0x000000000800478c                update3
 .text.update4  0x0000000008004880      0x14c src/support.o
                0x0000000008004880                update4
 .text.init_usart5
                0x00000000080049cc      0x138 src/support.o
                0x00000000080049cc                init_usart5
 .text.read_write_values
                0x0000000008004b04       0xdc src/support.o
                0x0000000008004b04                read_write_values
 .text.relax_node
                0x0000000008004be0      0x230 src/support.o
                0x0000000008004be0                relax_node
 .text.relax_all
                0x0000000008004e10       0x3c src/support.o
                0x0000000008004e10                relax_all
 .text.free_matrix
                0x0000000008004e4c       0x50 src/support.o
                0x0000000008004e4c                free_matrix
 .text.fastest_times
                0x0000000008004e9c      0x5e4 src/support.o
                0x0000000008004e9c                fastest_times
 .text.grab_path
                0x0000000008005480       0xce src/support.o
                0x0000000008005480                grab_path
 .text.check_wall_new
                0x000000000800554e       0x88 src/support.o
                0x000000000800554e                check_wall_new
 .text.check_mouse
                0x00000000080055d6       0x22 src/support.o
                0x00000000080055d6                check_mouse
 .text.check_mouse_exit
                0x00000000080055f8       0x22 src/support.o
                0x00000000080055f8                check_mouse_exit
 .text.cat_contact
                0x000000000800561a       0x48 src/support.o
                0x000000000800561a                cat_contact
 *fill*         0x0000000008005662        0x2 
 .text.move_ball
                0x0000000008005664      0xfa8 src/support.o
                0x0000000008005664                move_ball
 .text.basic_drawing
                0x000000000800660c       0x80 src/support.o
                0x000000000800660c                basic_drawing
 .text.help_content
                0x000000000800668c      0x130 src/support.o
                0x000000000800668c                help_content
 .text._read    0x00000000080067bc       0x3a src/syscalls.o
                0x00000000080067bc                _read
 .text._write   0x00000000080067f6       0x38 src/syscalls.o
                0x00000000080067f6                _write
 *fill*         0x000000000800682e        0x2 
 .text._sbrk    0x0000000008006830       0x58 src/syscalls.o
                0x0000000008006830                _sbrk
 .text._close   0x0000000008006888       0x14 src/syscalls.o
                0x0000000008006888                _close
 .text._fstat   0x000000000800689c       0x1c src/syscalls.o
                0x000000000800689c                _fstat
 .text._isatty  0x00000000080068b8       0x12 src/syscalls.o
                0x00000000080068b8                _isatty
 .text._lseek   0x00000000080068ca       0x16 src/syscalls.o
                0x00000000080068ca                _lseek
 .text.SystemInit
                0x00000000080068e0       0x8c src/system_stm32f0xx.o
                0x00000000080068e0                SystemInit
 .text.SetSysClock
                0x000000000800696c       0xe0 src/system_stm32f0xx.o
 .text.init_wavetable_hybrid2
                0x0000000008006a4c       0xc0 src/wavetable.o
                0x0000000008006a4c                init_wavetable_hybrid2
 .text.Reset_Handler
                0x0000000008006b0c       0x50 startup/startup_stm32.o
                0x0000000008006b0c                Reset_Handler
 .text.Default_Handler
                0x0000000008006b5c        0x2 startup/startup_stm32.o
                0x0000000008006b5c                DMA1_CH4_5_6_7_DMA2_CH3_4_5_IRQHandler
                0x0000000008006b5c                TIM1_CC_IRQHandler
                0x0000000008006b5c                TSC_IRQHandler
                0x0000000008006b5c                HardFault_Handler
                0x0000000008006b5c                SysTick_Handler
                0x0000000008006b5c                PVD_IRQHandler
                0x0000000008006b5c                PendSV_Handler
                0x0000000008006b5c                NMI_Handler
                0x0000000008006b5c                I2C1_IRQHandler
                0x0000000008006b5c                RCC_CRS_IRQHandler
                0x0000000008006b5c                SPI1_IRQHandler
                0x0000000008006b5c                EXTI2_3_IRQHandler
                0x0000000008006b5c                I2C2_IRQHandler
                0x0000000008006b5c                TIM17_IRQHandler
                0x0000000008006b5c                CEC_CAN_IRQHandler
                0x0000000008006b5c                RTC_IRQHandler
                0x0000000008006b5c                TIM16_IRQHandler
                0x0000000008006b5c                TIM3_IRQHandler
                0x0000000008006b5c                EXTI4_15_IRQHandler
                0x0000000008006b5c                Default_Handler
                0x0000000008006b5c                DMA1_CH2_3_DMA2_CH1_2_IRQHandler
                0x0000000008006b5c                TIM14_IRQHandler
                0x0000000008006b5c                TIM15_IRQHandler
                0x0000000008006b5c                EXTI0_1_IRQHandler
                0x0000000008006b5c                USB_IRQHandler
                0x0000000008006b5c                SPI2_IRQHandler
                0x0000000008006b5c                DMA1_CH1_IRQHandler
                0x0000000008006b5c                SVC_Handler
                0x0000000008006b5c                WWDG_IRQHandler
                0x0000000008006b5c                ADC_COMP_IRQHandler
                0x0000000008006b5c                USART2_IRQHandler
                0x0000000008006b5c                USART3_4_5_6_7_8_IRQHandler
                0x0000000008006b5c                FLASH_IRQHandler
                0x0000000008006b5c                USART1_IRQHandler
                0x0000000008006b5c                TIM1_BRK_UP_TRG_COM_IRQHandler
 *fill*         0x0000000008006b5e        0x2 
 .text.sin      0x0000000008006b60       0x90 /home/shay/a/ece362/Ac6/SystemWorkbench/plugins/fr.ac6.mcu.externaltools.arm-none.linux64_1.17.0.201812190825/tools/compiler/bin/../lib/gcc/arm-none-eabi/7.3.1/../../../../arm-none-eabi/lib/thumb/v6-m/libm.a(lib_a-s_sin.o)
                0x0000000008006b60                sin
 .text.__ieee754_rem_pio2
                0x0000000008006bf0      0x420 /home/shay/a/ece362/Ac6/SystemWorkbench/plugins/fr.ac6.mcu.externaltools.arm-none.linux64_1.17.0.201812190825/tools/compiler/bin/../lib/gcc/arm-none-eabi/7.3.1/../../../../arm-none-eabi/lib/thumb/v6-m/libm.a(lib_a-e_rem_pio2.o)
                0x0000000008006bf0                __ieee754_rem_pio2
 .text.__kernel_cos
                0x0000000008007010      0x234 /home/shay/a/ece362/Ac6/SystemWorkbench/plugins/fr.ac6.mcu.externaltools.arm-none.linux64_1.17.0.201812190825/tools/compiler/bin/../lib/gcc/arm-none-eabi/7.3.1/../../../../arm-none-eabi/lib/thumb/v6-m/libm.a(lib_a-k_cos.o)
                0x0000000008007010                __kernel_cos
 .text.__kernel_rem_pio2
                0x0000000008007244      0x8c0 /home/shay/a/ece362/Ac6/SystemWorkbench/plugins/fr.ac6.mcu.externaltools.arm-none.linux64_1.17.0.201812190825/tools/compiler/bin/../lib/gcc/arm-none-eabi/7.3.1/../../../../arm-none-eabi/lib/thumb/v6-m/libm.a(lib_a-k_rem_pio2.o)
                0x0000000008007244                __kernel_rem_pio2
 .text.__kernel_sin
                0x0000000008007b04      0x164 /home/shay/a/ece362/Ac6/SystemWorkbench/plugins/fr.ac6.mcu.externaltools.arm-none.linux64_1.17.0.201812190825/tools/compiler/bin/../lib/gcc/arm-none-eabi/7.3.1/../../../../arm-none-eabi/lib/thumb/v6-m/libm.a(lib_a-k_sin.o)
                0x0000000008007b04                __kernel_sin
 .text.fabs     0x0000000008007c68        0x8 /home/shay/a/ece362/Ac6/SystemWorkbench/plugins/fr.ac6.mcu.externaltools.arm-none.linux64_1.17.0.201812190825/tools/compiler/bin/../lib/gcc/arm-none-eabi/7.3.1/../../../../arm-none-eabi/lib/thumb/v6-m/libm.a(lib_a-s_fabs.o)
                0x0000000008007c68                fabs
 .text.floor    0x0000000008007c70      0x138 /home/shay/a/ece362/Ac6/SystemWorkbench/plugins/fr.ac6.mcu.externaltools.arm-none.linux64_1.17.0.201812190825/tools/compiler/bin/../lib/gcc/arm-none-eabi/7.3.1/../../../../arm-none-eabi/lib/thumb/v6-m/libm.a(lib_a-s_floor.o)
                0x0000000008007c70                floor
 .text.scalbn   0x0000000008007da8       0xd0 /home/shay/a/ece362/Ac6/SystemWorkbench/plugins/fr.ac6.mcu.externaltools.arm-none.linux64_1.17.0.201812190825/tools/compiler/bin/../lib/gcc/arm-none-eabi/7.3.1/../../../../arm-none-eabi/lib/thumb/v6-m/libm.a(lib_a-s_scalbn.o)
                0x0000000008007da8                scalbn
 .text.copysign
                0x0000000008007e78       0x10 /home/shay/a/ece362/Ac6/SystemWorkbench/plugins/fr.ac6.mcu.externaltools.arm-none.linux64_1.17.0.201812190825/tools/compiler/bin/../lib/gcc/arm-none-eabi/7.3.1/../../../../arm-none-eabi/lib/thumb/v6-m/libm.a(lib_a-s_copysign.o)
                0x0000000008007e78                copysign
 .text.__errno  0x0000000008007e88        0xc /home/shay/a/ece362/Ac6/SystemWorkbench/plugins/fr.ac6.mcu.externaltools.arm-none.linux64_1.17.0.201812190825/tools/compiler/bin/../lib/gcc/arm-none-eabi/7.3.1/../../../../arm-none-eabi/lib/thumb/v6-m/libc.a(lib_a-errno.o)
                0x0000000008007e88                __errno
 .text.__libc_init_array
                0x0000000008007e94       0x48 /home/shay/a/ece362/Ac6/SystemWorkbench/plugins/fr.ac6.mcu.externaltools.arm-none.linux64_1.17.0.201812190825/tools/compiler/bin/../lib/gcc/arm-none-eabi/7.3.1/../../../../arm-none-eabi/lib/thumb/v6-m/libc.a(lib_a-init.o)
                0x0000000008007e94                __libc_init_array
 .text.__itoa   0x0000000008007edc       0x30 /home/shay/a/ece362/Ac6/SystemWorkbench/plugins/fr.ac6.mcu.externaltools.arm-none.linux64_1.17.0.201812190825/tools/compiler/bin/../lib/gcc/arm-none-eabi/7.3.1/../../../../arm-none-eabi/lib/thumb/v6-m/libc.a(lib_a-itoa.o)
                0x0000000008007edc                __itoa
 .text.itoa     0x0000000008007f0c        0x8 /home/shay/a/ece362/Ac6/SystemWorkbench/plugins/fr.ac6.mcu.externaltools.arm-none.linux64_1.17.0.201812190825/tools/compiler/bin/../lib/gcc/arm-none-eabi/7.3.1/../../../../arm-none-eabi/lib/thumb/v6-m/libc.a(lib_a-itoa.o)
                0x0000000008007f0c                itoa
 .text.malloc   0x0000000008007f14       0x14 /home/shay/a/ece362/Ac6/SystemWorkbench/plugins/fr.ac6.mcu.externaltools.arm-none.linux64_1.17.0.201812190825/tools/compiler/bin/../lib/gcc/arm-none-eabi/7.3.1/../../../../arm-none-eabi/lib/thumb/v6-m/libc.a(lib_a-malloc.o)
                0x0000000008007f14                malloc
 .text.free     0x0000000008007f28       0x14 /home/shay/a/ece362/Ac6/SystemWorkbench/plugins/fr.ac6.mcu.externaltools.arm-none.linux64_1.17.0.201812190825/tools/compiler/bin/../lib/gcc/arm-none-eabi/7.3.1/../../../../arm-none-eabi/lib/thumb/v6-m/libc.a(lib_a-malloc.o)
                0x0000000008007f28                free
 .text._malloc_r
                0x0000000008007f3c      0x554 /home/shay/a/ece362/Ac6/SystemWorkbench/plugins/fr.ac6.mcu.externaltools.arm-none.linux64_1.17.0.201812190825/tools/compiler/bin/../lib/gcc/arm-none-eabi/7.3.1/../../../../arm-none-eabi/lib/thumb/v6-m/libc.a(lib_a-mallocr.o)
                0x0000000008007f3c                _malloc_r
 .text.memcpy   0x0000000008008490       0x88 /home/shay/a/ece362/Ac6/SystemWorkbench/plugins/fr.ac6.mcu.externaltools.arm-none.linux64_1.17.0.201812190825/tools/compiler/bin/../lib/gcc/arm-none-eabi/7.3.1/../../../../arm-none-eabi/lib/thumb/v6-m/libc.a(lib_a-memcpy-stub.o)
                0x0000000008008490                memcpy
 .text.memset   0x0000000008008518       0x9c /home/shay/a/ece362/Ac6/SystemWorkbench/plugins/fr.ac6.mcu.externaltools.arm-none.linux64_1.17.0.201812190825/tools/compiler/bin/../lib/gcc/arm-none-eabi/7.3.1/../../../../arm-none-eabi/lib/thumb/v6-m/libc.a(lib_a-memset.o)
                0x0000000008008518                memset
 .text.__malloc_lock
                0x00000000080085b4       0x10 /home/shay/a/ece362/Ac6/SystemWorkbench/plugins/fr.ac6.mcu.externaltools.arm-none.linux64_1.17.0.201812190825/tools/compiler/bin/../lib/gcc/arm-none-eabi/7.3.1/../../../../arm-none-eabi/lib/thumb/v6-m/libc.a(lib_a-mlock.o)
                0x00000000080085b4                __malloc_lock
 .text.__malloc_unlock
                0x00000000080085c4       0x10 /home/shay/a/ece362/Ac6/SystemWorkbench/plugins/fr.ac6.mcu.externaltools.arm-none.linux64_1.17.0.201812190825/tools/compiler/bin/../lib/gcc/arm-none-eabi/7.3.1/../../../../arm-none-eabi/lib/thumb/v6-m/libc.a(lib_a-mlock.o)
                0x00000000080085c4                __malloc_unlock
 .text._puts_r  0x00000000080085d4       0xa0 /home/shay/a/ece362/Ac6/SystemWorkbench/plugins/fr.ac6.mcu.externaltools.arm-none.linux64_1.17.0.201812190825/tools/compiler/bin/../lib/gcc/arm-none-eabi/7.3.1/../../../../arm-none-eabi/lib/thumb/v6-m/libc.a(lib_a-puts.o)
                0x00000000080085d4                _puts_r
 .text.puts     0x0000000008008674       0x14 /home/shay/a/ece362/Ac6/SystemWorkbench/plugins/fr.ac6.mcu.externaltools.arm-none.linux64_1.17.0.201812190825/tools/compiler/bin/../lib/gcc/arm-none-eabi/7.3.1/../../../../arm-none-eabi/lib/thumb/v6-m/libc.a(lib_a-puts.o)
                0x0000000008008674                puts
 .text.rand     0x0000000008008688       0x34 /home/shay/a/ece362/Ac6/SystemWorkbench/plugins/fr.ac6.mcu.externaltools.arm-none.linux64_1.17.0.201812190825/tools/compiler/bin/../lib/gcc/arm-none-eabi/7.3.1/../../../../arm-none-eabi/lib/thumb/v6-m/libc.a(lib_a-rand.o)
                0x0000000008008688                rand
 .text._sbrk_r  0x00000000080086bc       0x24 /home/shay/a/ece362/Ac6/SystemWorkbench/plugins/fr.ac6.mcu.externaltools.arm-none.linux64_1.17.0.201812190825/tools/compiler/bin/../lib/gcc/arm-none-eabi/7.3.1/../../../../arm-none-eabi/lib/thumb/v6-m/libc.a(lib_a-sbrkr.o)
                0x00000000080086bc                _sbrk_r
 .text.setbuf   0x00000000080086e0       0x14 /home/shay/a/ece362/Ac6/SystemWorkbench/plugins/fr.ac6.mcu.externaltools.arm-none.linux64_1.17.0.201812190825/tools/compiler/bin/../lib/gcc/arm-none-eabi/7.3.1/../../../../arm-none-eabi/lib/thumb/v6-m/libc.a(lib_a-setbuf.o)
                0x00000000080086e0                setbuf
 .text.setvbuf  0x00000000080086f4      0x198 /home/shay/a/ece362/Ac6/SystemWorkbench/plugins/fr.ac6.mcu.externaltools.arm-none.linux64_1.17.0.201812190825/tools/compiler/bin/../lib/gcc/arm-none-eabi/7.3.1/../../../../arm-none-eabi/lib/thumb/v6-m/libc.a(lib_a-setvbuf.o)
                0x00000000080086f4                setvbuf
 .text.strlen   0x000000000800888c       0x64 /home/shay/a/ece362/Ac6/SystemWorkbench/plugins/fr.ac6.mcu.externaltools.arm-none.linux64_1.17.0.201812190825/tools/compiler/bin/../lib/gcc/arm-none-eabi/7.3.1/../../../../arm-none-eabi/lib/thumb/v6-m/libc.a(lib_a-strlen-stub.o)
                0x000000000800888c                strlen
 .text.strncmp  0x00000000080088f0       0x8c /home/shay/a/ece362/Ac6/SystemWorkbench/plugins/fr.ac6.mcu.externaltools.arm-none.linux64_1.17.0.201812190825/tools/compiler/bin/../lib/gcc/arm-none-eabi/7.3.1/../../../../arm-none-eabi/lib/thumb/v6-m/libc.a(lib_a-strncmp.o)
                0x00000000080088f0                strncmp
 .text.__utoa   0x000000000800897c       0x70 /home/shay/a/ece362/Ac6/SystemWorkbench/plugins/fr.ac6.mcu.externaltools.arm-none.linux64_1.17.0.201812190825/tools/compiler/bin/../lib/gcc/arm-none-eabi/7.3.1/../../../../arm-none-eabi/lib/thumb/v6-m/libc.a(lib_a-utoa.o)
                0x000000000800897c                __utoa
 .text.__swsetup_r
                0x00000000080089ec       0xd4 /home/shay/a/ece362/Ac6/SystemWorkbench/plugins/fr.ac6.mcu.externaltools.arm-none.linux64_1.17.0.201812190825/tools/compiler/bin/../lib/gcc/arm-none-eabi/7.3.1/../../../../arm-none-eabi/lib/thumb/v6-m/libc.a(lib_a-wsetup.o)
                0x00000000080089ec                __swsetup_r
 .text.startup.register_fini
                0x0000000008008ac0       0x18 /home/shay/a/ece362/Ac6/SystemWorkbench/plugins/fr.ac6.mcu.externaltools.arm-none.linux64_1.17.0.201812190825/tools/compiler/bin/../lib/gcc/arm-none-eabi/7.3.1/../../../../arm-none-eabi/lib/thumb/v6-m/libc.a(lib_a-__call_atexit.o)
 .text.atexit   0x0000000008008ad8       0x10 /home/shay/a/ece362/Ac6/SystemWorkbench/plugins/fr.ac6.mcu.externaltools.arm-none.linux64_1.17.0.201812190825/tools/compiler/bin/../lib/gcc/arm-none-eabi/7.3.1/../../../../arm-none-eabi/lib/thumb/v6-m/libc.a(lib_a-atexit.o)
                0x0000000008008ad8                atexit
 .text.__sflush_r
                0x0000000008008ae8      0x150 /home/shay/a/ece362/Ac6/SystemWorkbench/plugins/fr.ac6.mcu.externaltools.arm-none.linux64_1.17.0.201812190825/tools/compiler/bin/../lib/gcc/arm-none-eabi/7.3.1/../../../../arm-none-eabi/lib/thumb/v6-m/libc.a(lib_a-fflush.o)
                0x0000000008008ae8                __sflush_r
 .text._fflush_r
                0x0000000008008c38       0x54 /home/shay/a/ece362/Ac6/SystemWorkbench/plugins/fr.ac6.mcu.externaltools.arm-none.linux64_1.17.0.201812190825/tools/compiler/bin/../lib/gcc/arm-none-eabi/7.3.1/../../../../arm-none-eabi/lib/thumb/v6-m/libc.a(lib_a-fflush.o)
                0x0000000008008c38                _fflush_r
 .text.std      0x0000000008008c8c       0x50 /home/shay/a/ece362/Ac6/SystemWorkbench/plugins/fr.ac6.mcu.externaltools.arm-none.linux64_1.17.0.201812190825/tools/compiler/bin/../lib/gcc/arm-none-eabi/7.3.1/../../../../arm-none-eabi/lib/thumb/v6-m/libc.a(lib_a-findfp.o)
 .text._cleanup_r
                0x0000000008008cdc       0x10 /home/shay/a/ece362/Ac6/SystemWorkbench/plugins/fr.ac6.mcu.externaltools.arm-none.linux64_1.17.0.201812190825/tools/compiler/bin/../lib/gcc/arm-none-eabi/7.3.1/../../../../arm-none-eabi/lib/thumb/v6-m/libc.a(lib_a-findfp.o)
                0x0000000008008cdc                _cleanup_r
 .text.__sinit  0x0000000008008cec       0x60 /home/shay/a/ece362/Ac6/SystemWorkbench/plugins/fr.ac6.mcu.externaltools.arm-none.linux64_1.17.0.201812190825/tools/compiler/bin/../lib/gcc/arm-none-eabi/7.3.1/../../../../arm-none-eabi/lib/thumb/v6-m/libc.a(lib_a-findfp.o)
                0x0000000008008cec                __sinit
 .text.__sfp_lock_acquire
                0x0000000008008d4c       0x10 /home/shay/a/ece362/Ac6/SystemWorkbench/plugins/fr.ac6.mcu.externaltools.arm-none.linux64_1.17.0.201812190825/tools/compiler/bin/../lib/gcc/arm-none-eabi/7.3.1/../../../../arm-none-eabi/lib/thumb/v6-m/libc.a(lib_a-findfp.o)
                0x0000000008008d4c                __sfp_lock_acquire
 .text.__sfp_lock_release
                0x0000000008008d5c       0x10 /home/shay/a/ece362/Ac6/SystemWorkbench/plugins/fr.ac6.mcu.externaltools.arm-none.linux64_1.17.0.201812190825/tools/compiler/bin/../lib/gcc/arm-none-eabi/7.3.1/../../../../arm-none-eabi/lib/thumb/v6-m/libc.a(lib_a-findfp.o)
                0x0000000008008d5c                __sfp_lock_release
 .text.__libc_fini_array
                0x0000000008008d6c       0x34 /home/shay/a/ece362/Ac6/SystemWorkbench/plugins/fr.ac6.mcu.externaltools.arm-none.linux64_1.17.0.201812190825/tools/compiler/bin/../lib/gcc/arm-none-eabi/7.3.1/../../../../arm-none-eabi/lib/thumb/v6-m/libc.a(lib_a-fini.o)
                0x0000000008008d6c                __libc_fini_array
 .text._malloc_trim_r
                0x0000000008008da0       0xa0 /home/shay/a/ece362/Ac6/SystemWorkbench/plugins/fr.ac6.mcu.externaltools.arm-none.linux64_1.17.0.201812190825/tools/compiler/bin/../lib/gcc/arm-none-eabi/7.3.1/../../../../arm-none-eabi/lib/thumb/v6-m/libc.a(lib_a-freer.o)
                0x0000000008008da0                _malloc_trim_r
 .text._free_r  0x0000000008008e40      0x1d4 /home/shay/a/ece362/Ac6/SystemWorkbench/plugins/fr.ac6.mcu.externaltools.arm-none.linux64_1.17.0.201812190825/tools/compiler/bin/../lib/gcc/arm-none-eabi/7.3.1/../../../../arm-none-eabi/lib/thumb/v6-m/libc.a(lib_a-freer.o)
                0x0000000008008e40                _free_r
 .text.__sfvwrite_r
                0x0000000008009014      0x2fc /home/shay/a/ece362/Ac6/SystemWorkbench/plugins/fr.ac6.mcu.externaltools.arm-none.linux64_1.17.0.201812190825/tools/compiler/bin/../lib/gcc/arm-none-eabi/7.3.1/../../../../arm-none-eabi/lib/thumb/v6-m/libc.a(lib_a-fvwrite.o)
                0x0000000008009014                __sfvwrite_r
 .text._fwalk_reent
                0x0000000008009310       0x4c /home/shay/a/ece362/Ac6/SystemWorkbench/plugins/fr.ac6.mcu.externaltools.arm-none.linux64_1.17.0.201812190825/tools/compiler/bin/../lib/gcc/arm-none-eabi/7.3.1/../../../../arm-none-eabi/lib/thumb/v6-m/libc.a(lib_a-fwalk.o)
                0x0000000008009310                _fwalk_reent
 .text.__retarget_lock_init_recursive
                0x000000000800935c        0x4 /home/shay/a/ece362/Ac6/SystemWorkbench/plugins/fr.ac6.mcu.externaltools.arm-none.linux64_1.17.0.201812190825/tools/compiler/bin/../lib/gcc/arm-none-eabi/7.3.1/../../../../arm-none-eabi/lib/thumb/v6-m/libc.a(lib_a-lock.o)
                0x000000000800935c                __retarget_lock_init_recursive
 .text.__retarget_lock_close_recursive
                0x0000000008009360        0x4 /home/shay/a/ece362/Ac6/SystemWorkbench/plugins/fr.ac6.mcu.externaltools.arm-none.linux64_1.17.0.201812190825/tools/compiler/bin/../lib/gcc/arm-none-eabi/7.3.1/../../../../arm-none-eabi/lib/thumb/v6-m/libc.a(lib_a-lock.o)
                0x0000000008009360                __retarget_lock_close_recursive
 .text.__retarget_lock_acquire_recursive
                0x0000000008009364        0x4 /home/shay/a/ece362/Ac6/SystemWorkbench/plugins/fr.ac6.mcu.externaltools.arm-none.linux64_1.17.0.201812190825/tools/compiler/bin/../lib/gcc/arm-none-eabi/7.3.1/../../../../arm-none-eabi/lib/thumb/v6-m/libc.a(lib_a-lock.o)
                0x0000000008009364                __retarget_lock_acquire_recursive
 .text.__retarget_lock_release_recursive
                0x0000000008009368        0x4 /home/shay/a/ece362/Ac6/SystemWorkbench/plugins/fr.ac6.mcu.externaltools.arm-none.linux64_1.17.0.201812190825/tools/compiler/bin/../lib/gcc/arm-none-eabi/7.3.1/../../../../arm-none-eabi/lib/thumb/v6-m/libc.a(lib_a-lock.o)
                0x0000000008009368                __retarget_lock_release_recursive
 .text.__swhatbuf_r
                0x000000000800936c       0x60 /home/shay/a/ece362/Ac6/SystemWorkbench/plugins/fr.ac6.mcu.externaltools.arm-none.linux64_1.17.0.201812190825/tools/compiler/bin/../lib/gcc/arm-none-eabi/7.3.1/../../../../arm-none-eabi/lib/thumb/v6-m/libc.a(lib_a-makebuf.o)
                0x000000000800936c                __swhatbuf_r
 .text.__smakebuf_r
                0x00000000080093cc       0x90 /home/shay/a/ece362/Ac6/SystemWorkbench/plugins/fr.ac6.mcu.externaltools.arm-none.linux64_1.17.0.201812190825/tools/compiler/bin/../lib/gcc/arm-none-eabi/7.3.1/../../../../arm-none-eabi/lib/thumb/v6-m/libc.a(lib_a-makebuf.o)
                0x00000000080093cc                __smakebuf_r
 .text.memchr   0x000000000800945c       0x80 /home/shay/a/ece362/Ac6/SystemWorkbench/plugins/fr.ac6.mcu.externaltools.arm-none.linux64_1.17.0.201812190825/tools/compiler/bin/../lib/gcc/arm-none-eabi/7.3.1/../../../../arm-none-eabi/lib/thumb/v6-m/libc.a(lib_a-memchr-stub.o)
                0x000000000800945c                memchr
 .text.memmove  0x00000000080094dc       0x9c /home/shay/a/ece362/Ac6/SystemWorkbench/plugins/fr.ac6.mcu.externaltools.arm-none.linux64_1.17.0.201812190825/tools/compiler/bin/../lib/gcc/arm-none-eabi/7.3.1/../../../../arm-none-eabi/lib/thumb/v6-m/libc.a(lib_a-memmove.o)
                0x00000000080094dc                memmove
 .text._realloc_r
                0x0000000008009578      0x3b0 /home/shay/a/ece362/Ac6/SystemWorkbench/plugins/fr.ac6.mcu.externaltools.arm-none.linux64_1.17.0.201812190825/tools/compiler/bin/../lib/gcc/arm-none-eabi/7.3.1/../../../../arm-none-eabi/lib/thumb/v6-m/libc.a(lib_a-reallocr.o)
                0x0000000008009578                _realloc_r
 .text.__sread  0x0000000008009928       0x28 /home/shay/a/ece362/Ac6/SystemWorkbench/plugins/fr.ac6.mcu.externaltools.arm-none.linux64_1.17.0.201812190825/tools/compiler/bin/../lib/gcc/arm-none-eabi/7.3.1/../../../../arm-none-eabi/lib/thumb/v6-m/libc.a(lib_a-stdio.o)
                0x0000000008009928                __sread
 .text.__swrite
                0x0000000008009950       0x3c /home/shay/a/ece362/Ac6/SystemWorkbench/plugins/fr.ac6.mcu.externaltools.arm-none.linux64_1.17.0.201812190825/tools/compiler/bin/../lib/gcc/arm-none-eabi/7.3.1/../../../../arm-none-eabi/lib/thumb/v6-m/libc.a(lib_a-stdio.o)
                0x0000000008009950                __swrite
 .text.__sseek  0x000000000800998c       0x2c /home/shay/a/ece362/Ac6/SystemWorkbench/plugins/fr.ac6.mcu.externaltools.arm-none.linux64_1.17.0.201812190825/tools/compiler/bin/../lib/gcc/arm-none-eabi/7.3.1/../../../../arm-none-eabi/lib/thumb/v6-m/libc.a(lib_a-stdio.o)
                0x000000000800998c                __sseek
 .text.__sclose
                0x00000000080099b8        0xc /home/shay/a/ece362/Ac6/SystemWorkbench/plugins/fr.ac6.mcu.externaltools.arm-none.linux64_1.17.0.201812190825/tools/compiler/bin/../lib/gcc/arm-none-eabi/7.3.1/../../../../arm-none-eabi/lib/thumb/v6-m/libc.a(lib_a-stdio.o)
                0x00000000080099b8                __sclose
 .text._write_r
                0x00000000080099c4       0x28 /home/shay/a/ece362/Ac6/SystemWorkbench/plugins/fr.ac6.mcu.externaltools.arm-none.linux64_1.17.0.201812190825/tools/compiler/bin/../lib/gcc/arm-none-eabi/7.3.1/../../../../arm-none-eabi/lib/thumb/v6-m/libc.a(lib_a-writer.o)
                0x00000000080099c4                _write_r
 .text.__register_exitproc
                0x00000000080099ec       0xf4 /home/shay/a/ece362/Ac6/SystemWorkbench/plugins/fr.ac6.mcu.externaltools.arm-none.linux64_1.17.0.201812190825/tools/compiler/bin/../lib/gcc/arm-none-eabi/7.3.1/../../../../arm-none-eabi/lib/thumb/v6-m/libc.a(lib_a-__atexit.o)
                0x00000000080099ec                __register_exitproc
 .text._close_r
                0x0000000008009ae0       0x24 /home/shay/a/ece362/Ac6/SystemWorkbench/plugins/fr.ac6.mcu.externaltools.arm-none.linux64_1.17.0.201812190825/tools/compiler/bin/../lib/gcc/arm-none-eabi/7.3.1/../../../../arm-none-eabi/lib/thumb/v6-m/libc.a(lib_a-closer.o)
                0x0000000008009ae0                _close_r
 .text._fclose_r
                0x0000000008009b04       0xd8 /home/shay/a/ece362/Ac6/SystemWorkbench/plugins/fr.ac6.mcu.externaltools.arm-none.linux64_1.17.0.201812190825/tools/compiler/bin/../lib/gcc/arm-none-eabi/7.3.1/../../../../arm-none-eabi/lib/thumb/v6-m/libc.a(lib_a-fclose.o)
                0x0000000008009b04                _fclose_r
 .text._fstat_r
                0x0000000008009bdc       0x28 /home/shay/a/ece362/Ac6/SystemWorkbench/plugins/fr.ac6.mcu.externaltools.arm-none.linux64_1.17.0.201812190825/tools/compiler/bin/../lib/gcc/arm-none-eabi/7.3.1/../../../../arm-none-eabi/lib/thumb/v6-m/libc.a(lib_a-fstatr.o)
                0x0000000008009bdc                _fstat_r
 .text._isatty_r
                0x0000000008009c04       0x24 /home/shay/a/ece362/Ac6/SystemWorkbench/plugins/fr.ac6.mcu.externaltools.arm-none.linux64_1.17.0.201812190825/tools/compiler/bin/../lib/gcc/arm-none-eabi/7.3.1/../../../../arm-none-eabi/lib/thumb/v6-m/libc.a(lib_a-isattyr.o)
                0x0000000008009c04                _isatty_r
 .text._lseek_r
                0x0000000008009c28       0x28 /home/shay/a/ece362/Ac6/SystemWorkbench/plugins/fr.ac6.mcu.externaltools.arm-none.linux64_1.17.0.201812190825/tools/compiler/bin/../lib/gcc/arm-none-eabi/7.3.1/../../../../arm-none-eabi/lib/thumb/v6-m/libc.a(lib_a-lseekr.o)
                0x0000000008009c28                _lseek_r
 .text._read_r  0x0000000008009c50       0x28 /home/shay/a/ece362/Ac6/SystemWorkbench/plugins/fr.ac6.mcu.externaltools.arm-none.linux64_1.17.0.201812190825/tools/compiler/bin/../lib/gcc/arm-none-eabi/7.3.1/../../../../arm-none-eabi/lib/thumb/v6-m/libc.a(lib_a-readr.o)
                0x0000000008009c50                _read_r
 *(.glue_7)
 .glue_7        0x0000000008009c78        0x0 linker stubs
 *(.glue_7t)
 .glue_7t       0x0000000008009c78        0x0 linker stubs
 *(.eh_frame)
 .eh_frame      0x0000000008009c78        0x0 /home/shay/a/ece362/Ac6/SystemWorkbench/plugins/fr.ac6.mcu.externaltools.arm-none.linux64_1.17.0.201812190825/tools/compiler/bin/../lib/gcc/arm-none-eabi/7.3.1/thumb/v6-m/crtbegin.o
 *(.init)
 .init          0x0000000008009c78        0x4 /home/shay/a/ece362/Ac6/SystemWorkbench/plugins/fr.ac6.mcu.externaltools.arm-none.linux64_1.17.0.201812190825/tools/compiler/bin/../lib/gcc/arm-none-eabi/7.3.1/thumb/v6-m/crti.o
                0x0000000008009c78                _init
 .init          0x0000000008009c7c        0x8 /home/shay/a/ece362/Ac6/SystemWorkbench/plugins/fr.ac6.mcu.externaltools.arm-none.linux64_1.17.0.201812190825/tools/compiler/bin/../lib/gcc/arm-none-eabi/7.3.1/thumb/v6-m/crtn.o
 *(.fini)
 .fini          0x0000000008009c84        0x4 /home/shay/a/ece362/Ac6/SystemWorkbench/plugins/fr.ac6.mcu.externaltools.arm-none.linux64_1.17.0.201812190825/tools/compiler/bin/../lib/gcc/arm-none-eabi/7.3.1/thumb/v6-m/crti.o
                0x0000000008009c84                _fini
 .fini          0x0000000008009c88        0x8 /home/shay/a/ece362/Ac6/SystemWorkbench/plugins/fr.ac6.mcu.externaltools.arm-none.linux64_1.17.0.201812190825/tools/compiler/bin/../lib/gcc/arm-none-eabi/7.3.1/thumb/v6-m/crtn.o
                0x0000000008009c90                . = ALIGN (0x4)
                0x0000000008009c90                _etext = .

.vfp11_veneer   0x0000000008009c90        0x0
 .vfp11_veneer  0x0000000008009c90        0x0 linker stubs

.v4_bx          0x0000000008009c90        0x0
 .v4_bx         0x0000000008009c90        0x0 linker stubs

.iplt           0x0000000008009c90        0x0
 .iplt          0x0000000008009c90        0x0 /home/shay/a/ece362/Ac6/SystemWorkbench/plugins/fr.ac6.mcu.externaltools.arm-none.linux64_1.17.0.201812190825/tools/compiler/bin/../lib/gcc/arm-none-eabi/7.3.1/thumb/v6-m/crtbegin.o

.rodata         0x0000000008009c90    0x2e4a0
                0x0000000008009c90                . = ALIGN (0x4)
 *(.rodata)
 .rodata        0x0000000008009c90    0x25810 src/background.o
                0x0000000008009c90                background
 .rodata        0x000000000802f4a0      0x270 src/ball.o
                0x000000000802f4a0                ball
 .rodata        0x000000000802f710      0x2bc src/cat.o
                0x000000000802f710                cat
 .rodata        0x000000000802f9cc      0xa80 src/lcd.o
                0x000000000802f9e8                asc2_1206
                0x000000000802fe5c                asc2_1608
 .rodata        0x000000000803044c      0x17a src/main.o
                0x000000000803044c                pitch_array
 *fill*         0x00000000080305c6        0x2 
 .rodata        0x00000000080305c8      0x1a5 src/midi.o
 *fill*         0x000000000803076d        0x3 
 .rodata        0x0000000008030770      0x200 src/step.o
                0x0000000008030770                step
 .rodata        0x0000000008030970     0x466c src/super.o
                0x0000000008030970                midifile
 .rodata        0x0000000008034fdc     0x2e85 src/support.o
 *fill*         0x0000000008037e61        0x3 
 .rodata        0x0000000008037e64       0x40 /home/shay/a/ece362/Ac6/SystemWorkbench/plugins/fr.ac6.mcu.externaltools.arm-none.linux64_1.17.0.201812190825/tools/compiler/bin/../lib/gcc/arm-none-eabi/7.3.1/thumb/v6-m/libgcc.a(mulsf3.o)
 .rodata        0x0000000008037ea4       0x40 /home/shay/a/ece362/Ac6/SystemWorkbench/plugins/fr.ac6.mcu.externaltools.arm-none.linux64_1.17.0.201812190825/tools/compiler/bin/../lib/gcc/arm-none-eabi/7.3.1/thumb/v6-m/libgcc.a(divdf3.o)
 .rodata        0x0000000008037ee4       0x40 /home/shay/a/ece362/Ac6/SystemWorkbench/plugins/fr.ac6.mcu.externaltools.arm-none.linux64_1.17.0.201812190825/tools/compiler/bin/../lib/gcc/arm-none-eabi/7.3.1/thumb/v6-m/libgcc.a(muldf3.o)
 *(.rodata*)
 .rodata.npio2_hw
                0x0000000008037f24       0x80 /home/shay/a/ece362/Ac6/SystemWorkbench/plugins/fr.ac6.mcu.externaltools.arm-none.linux64_1.17.0.201812190825/tools/compiler/bin/../lib/gcc/arm-none-eabi/7.3.1/../../../../arm-none-eabi/lib/thumb/v6-m/libm.a(lib_a-e_rem_pio2.o)
 .rodata.two_over_pi
                0x0000000008037fa4      0x108 /home/shay/a/ece362/Ac6/SystemWorkbench/plugins/fr.ac6.mcu.externaltools.arm-none.linux64_1.17.0.201812190825/tools/compiler/bin/../lib/gcc/arm-none-eabi/7.3.1/../../../../arm-none-eabi/lib/thumb/v6-m/libm.a(lib_a-e_rem_pio2.o)
 *fill*         0x00000000080380ac        0x4 
 .rodata.PIo2   0x00000000080380b0       0x40 /home/shay/a/ece362/Ac6/SystemWorkbench/plugins/fr.ac6.mcu.externaltools.arm-none.linux64_1.17.0.201812190825/tools/compiler/bin/../lib/gcc/arm-none-eabi/7.3.1/../../../../arm-none-eabi/lib/thumb/v6-m/libm.a(lib_a-k_rem_pio2.o)
 .rodata.init_jk
                0x00000000080380f0       0x10 /home/shay/a/ece362/Ac6/SystemWorkbench/plugins/fr.ac6.mcu.externaltools.arm-none.linux64_1.17.0.201812190825/tools/compiler/bin/../lib/gcc/arm-none-eabi/7.3.1/../../../../arm-none-eabi/lib/thumb/v6-m/libm.a(lib_a-k_rem_pio2.o)
 .rodata._global_impure_ptr
                0x0000000008038100        0x4 /home/shay/a/ece362/Ac6/SystemWorkbench/plugins/fr.ac6.mcu.externaltools.arm-none.linux64_1.17.0.201812190825/tools/compiler/bin/../lib/gcc/arm-none-eabi/7.3.1/../../../../arm-none-eabi/lib/thumb/v6-m/libc.a(lib_a-impure.o)
                0x0000000008038100                _global_impure_ptr
 .rodata._puts_r.str1.4
                0x0000000008038104        0x2 /home/shay/a/ece362/Ac6/SystemWorkbench/plugins/fr.ac6.mcu.externaltools.arm-none.linux64_1.17.0.201812190825/tools/compiler/bin/../lib/gcc/arm-none-eabi/7.3.1/../../../../arm-none-eabi/lib/thumb/v6-m/libc.a(lib_a-puts.o)
 *fill*         0x0000000008038106        0x2 
 .rodata.__utoa.str1.4
                0x0000000008038108       0x28 /home/shay/a/ece362/Ac6/SystemWorkbench/plugins/fr.ac6.mcu.externaltools.arm-none.linux64_1.17.0.201812190825/tools/compiler/bin/../lib/gcc/arm-none-eabi/7.3.1/../../../../arm-none-eabi/lib/thumb/v6-m/libc.a(lib_a-utoa.o)
                                         0x25 (size before relaxing)
                0x0000000008038130                . = ALIGN (0x4)

.rel.dyn        0x0000000008038130        0x0
 .rel.iplt      0x0000000008038130        0x0 /home/shay/a/ece362/Ac6/SystemWorkbench/plugins/fr.ac6.mcu.externaltools.arm-none.linux64_1.17.0.201812190825/tools/compiler/bin/../lib/gcc/arm-none-eabi/7.3.1/thumb/v6-m/crtbegin.o

.ARM.extab      0x0000000008038130        0x0
                0x0000000008038130                . = ALIGN (0x4)
 *(.ARM.extab* .gnu.linkonce.armextab.*)
                0x0000000008038130                . = ALIGN (0x4)

.ARM            0x0000000008038130        0x0
                0x0000000008038130                . = ALIGN (0x4)
                0x0000000008038130                __exidx_start = .
 *(.ARM.exidx*)
                0x0000000008038130                __exidx_end = .
                0x0000000008038130                . = ALIGN (0x4)

.preinit_array  0x0000000008038130        0x0
                0x0000000008038130                . = ALIGN (0x4)
                0x0000000008038130                PROVIDE (__preinit_array_start = .)
 *(.preinit_array*)
                0x0000000008038130                PROVIDE (__preinit_array_end = .)
                0x0000000008038130                . = ALIGN (0x4)

.init_array     0x0000000008038130        0x8
                0x0000000008038130                . = ALIGN (0x4)
                0x0000000008038130                PROVIDE (__init_array_start = .)
 *(SORT_BY_NAME(.init_array.*))
 .init_array.00000
                0x0000000008038130        0x4 /home/shay/a/ece362/Ac6/SystemWorkbench/plugins/fr.ac6.mcu.externaltools.arm-none.linux64_1.17.0.201812190825/tools/compiler/bin/../lib/gcc/arm-none-eabi/7.3.1/../../../../arm-none-eabi/lib/thumb/v6-m/libc.a(lib_a-__call_atexit.o)
 *(.init_array*)
 .init_array    0x0000000008038134        0x4 /home/shay/a/ece362/Ac6/SystemWorkbench/plugins/fr.ac6.mcu.externaltools.arm-none.linux64_1.17.0.201812190825/tools/compiler/bin/../lib/gcc/arm-none-eabi/7.3.1/thumb/v6-m/crtbegin.o
                0x0000000008038138                PROVIDE (__init_array_end = .)
                0x0000000008038138                . = ALIGN (0x4)

.fini_array     0x0000000008038138        0x4
                0x0000000008038138                . = ALIGN (0x4)
                0x0000000008038138                PROVIDE (__fini_array_start = .)
 *(SORT_BY_NAME(.fini_array.*))
 *(.fini_array*)
 .fini_array    0x0000000008038138        0x4 /home/shay/a/ece362/Ac6/SystemWorkbench/plugins/fr.ac6.mcu.externaltools.arm-none.linux64_1.17.0.201812190825/tools/compiler/bin/../lib/gcc/arm-none-eabi/7.3.1/thumb/v6-m/crtbegin.o
                0x000000000803813c                PROVIDE (__fini_array_end = .)
                0x000000000803813c                . = ALIGN (0x4)
                0x000000000803813c                _sidata = LOADADDR (.data)

.data           0x0000000020000000      0x844 load address 0x000000000803813c
                0x0000000020000000                . = ALIGN (0x4)
                0x0000000020000000                _sdata = .
 *(.data)
 *(.data*)
 .data._impure_ptr
                0x0000000020000000        0x4 /home/shay/a/ece362/Ac6/SystemWorkbench/plugins/fr.ac6.mcu.externaltools.arm-none.linux64_1.17.0.201812190825/tools/compiler/bin/../lib/gcc/arm-none-eabi/7.3.1/../../../../arm-none-eabi/lib/thumb/v6-m/libc.a(lib_a-impure.o)
                0x0000000020000000                _impure_ptr
 *fill*         0x0000000020000004        0x4 
 .data.impure_data
                0x0000000020000008      0x428 /home/shay/a/ece362/Ac6/SystemWorkbench/plugins/fr.ac6.mcu.externaltools.arm-none.linux64_1.17.0.201812190825/tools/compiler/bin/../lib/gcc/arm-none-eabi/7.3.1/../../../../arm-none-eabi/lib/thumb/v6-m/libc.a(lib_a-impure.o)
 .data.__malloc_av_
                0x0000000020000430      0x408 /home/shay/a/ece362/Ac6/SystemWorkbench/plugins/fr.ac6.mcu.externaltools.arm-none.linux64_1.17.0.201812190825/tools/compiler/bin/../lib/gcc/arm-none-eabi/7.3.1/../../../../arm-none-eabi/lib/thumb/v6-m/libc.a(lib_a-mallocr.o)
                0x0000000020000430                __malloc_av_
 .data.__malloc_sbrk_base
                0x0000000020000838        0x4 /home/shay/a/ece362/Ac6/SystemWorkbench/plugins/fr.ac6.mcu.externaltools.arm-none.linux64_1.17.0.201812190825/tools/compiler/bin/../lib/gcc/arm-none-eabi/7.3.1/../../../../arm-none-eabi/lib/thumb/v6-m/libc.a(lib_a-mallocr.o)
                0x0000000020000838                __malloc_sbrk_base
 .data.__malloc_trim_threshold
                0x000000002000083c        0x4 /home/shay/a/ece362/Ac6/SystemWorkbench/plugins/fr.ac6.mcu.externaltools.arm-none.linux64_1.17.0.201812190825/tools/compiler/bin/../lib/gcc/arm-none-eabi/7.3.1/../../../../arm-none-eabi/lib/thumb/v6-m/libc.a(lib_a-mallocr.o)
                0x000000002000083c                __malloc_trim_threshold
 .data.__atexit_recursive_mutex
                0x0000000020000840        0x4 /home/shay/a/ece362/Ac6/SystemWorkbench/plugins/fr.ac6.mcu.externaltools.arm-none.linux64_1.17.0.201812190825/tools/compiler/bin/../lib/gcc/arm-none-eabi/7.3.1/../../../../arm-none-eabi/lib/thumb/v6-m/libc.a(lib_a-__call_atexit.o)
                0x0000000020000840                __atexit_recursive_mutex
                0x0000000020000844                . = ALIGN (0x4)
                0x0000000020000844                _edata = .

.igot.plt       0x0000000020000844        0x0 load address 0x0000000008038980
 .igot.plt      0x0000000020000844        0x0 /home/shay/a/ece362/Ac6/SystemWorkbench/plugins/fr.ac6.mcu.externaltools.arm-none.linux64_1.17.0.201812190825/tools/compiler/bin/../lib/gcc/arm-none-eabi/7.3.1/thumb/v6-m/crtbegin.o
                0x0000000020000844                . = ALIGN (0x4)

.bss            0x0000000020000844      0xbfc load address 0x0000000008038980
                0x0000000020000844                _sbss = .
                0x0000000020000844                __bss_start__ = _sbss
 *(.bss)
 .bss           0x0000000020000844       0x1c /home/shay/a/ece362/Ac6/SystemWorkbench/plugins/fr.ac6.mcu.externaltools.arm-none.linux64_1.17.0.201812190825/tools/compiler/bin/../lib/gcc/arm-none-eabi/7.3.1/thumb/v6-m/crtbegin.o
 .bss           0x0000000020000860        0xc src/main.o
                0x0000000020000860                status
                0x0000000020000864                x
                0x0000000020000868                y
 .bss           0x000000002000086c      0x2d0 src/midi.o
 .bss           0x0000000020000b3c        0x8 src/syscalls.o
                0x0000000020000b3c                __env
 *(.bss*)
 .bss.__malloc_current_mallinfo
                0x0000000020000b44       0x28 /home/shay/a/ece362/Ac6/SystemWorkbench/plugins/fr.ac6.mcu.externaltools.arm-none.linux64_1.17.0.201812190825/tools/compiler/bin/../lib/gcc/arm-none-eabi/7.3.1/../../../../arm-none-eabi/lib/thumb/v6-m/libc.a(lib_a-mallocr.o)
                0x0000000020000b44                __malloc_current_mallinfo
 .bss.__malloc_max_sbrked_mem
                0x0000000020000b6c        0x4 /home/shay/a/ece362/Ac6/SystemWorkbench/plugins/fr.ac6.mcu.externaltools.arm-none.linux64_1.17.0.201812190825/tools/compiler/bin/../lib/gcc/arm-none-eabi/7.3.1/../../../../arm-none-eabi/lib/thumb/v6-m/libc.a(lib_a-mallocr.o)
                0x0000000020000b6c                __malloc_max_sbrked_mem
 .bss.__malloc_max_total_mem
                0x0000000020000b70        0x4 /home/shay/a/ece362/Ac6/SystemWorkbench/plugins/fr.ac6.mcu.externaltools.arm-none.linux64_1.17.0.201812190825/tools/compiler/bin/../lib/gcc/arm-none-eabi/7.3.1/../../../../arm-none-eabi/lib/thumb/v6-m/libc.a(lib_a-mallocr.o)
                0x0000000020000b70                __malloc_max_total_mem
 .bss.__malloc_top_pad
                0x0000000020000b74        0x4 /home/shay/a/ece362/Ac6/SystemWorkbench/plugins/fr.ac6.mcu.externaltools.arm-none.linux64_1.17.0.201812190825/tools/compiler/bin/../lib/gcc/arm-none-eabi/7.3.1/../../../../arm-none-eabi/lib/thumb/v6-m/libc.a(lib_a-mallocr.o)
                0x0000000020000b74                __malloc_top_pad
 *(COMMON)
 COMMON         0x0000000020000b78       0x1c src/lcd.o
                0x0000000020000b78                lcddev
 COMMON         0x0000000020000b94       0xb4 src/main.o
                0x0000000020000b94                voice
 COMMON         0x0000000020000c48      0x7d0 src/wavetable.o
                0x0000000020000c48                wavetable
 COMMON         0x0000000020001418       0x21 /home/shay/a/ece362/Ac6/SystemWorkbench/plugins/fr.ac6.mcu.externaltools.arm-none.linux64_1.17.0.201812190825/tools/compiler/bin/../lib/gcc/arm-none-eabi/7.3.1/../../../../arm-none-eabi/lib/thumb/v6-m/libc.a(lib_a-lock.o)
                0x0000000020001418                __lock___atexit_recursive_mutex
                0x000000002000141c                __lock___arc4random_mutex
                0x0000000020001420                __lock___env_recursive_mutex
                0x0000000020001424                __lock___sinit_recursive_mutex
                0x0000000020001428                __lock___malloc_recursive_mutex
                0x000000002000142c                __lock___at_quick_exit_mutex
                0x0000000020001430                __lock___dd_hash_mutex
                0x0000000020001434                __lock___tz_mutex
                0x0000000020001438                __lock___sfp_recursive_mutex
 *fill*         0x0000000020001439        0x3 
 COMMON         0x000000002000143c        0x4 /home/shay/a/ece362/Ac6/SystemWorkbench/plugins/fr.ac6.mcu.externaltools.arm-none.linux64_1.17.0.201812190825/tools/compiler/bin/../lib/gcc/arm-none-eabi/7.3.1/../../../../arm-none-eabi/lib/thumb/v6-m/libc.a(lib_a-reent.o)
                0x000000002000143c                errno
                0x0000000020001440                . = ALIGN (0x4)
                0x0000000020001440                _ebss = .
                0x0000000020001440                __bss_end__ = _ebss

._user_heap_stack
                0x0000000020001440      0x400 load address 0x0000000008038980
                0x0000000020001440                . = ALIGN (0x8)
                0x0000000020001440                PROVIDE (end = .)
                [!provide]                        PROVIDE (_end = .)
                0x0000000020001440                . = (. + _Min_Heap_Size)
                0x0000000020001840                . = (. + _Min_Stack_Size)
 *fill*         0x0000000020001440      0x400 
                0x0000000020001840                . = ALIGN (0x8)

/DISCARD/
 libc.a(*)
 libm.a(*)
 libgcc.a(*)

.ARM.attributes
                0x0000000000000000       0x28
 *(.ARM.attributes)
 .ARM.attributes
                0x0000000000000000       0x1e /home/shay/a/ece362/Ac6/SystemWorkbench/plugins/fr.ac6.mcu.externaltools.arm-none.linux64_1.17.0.201812190825/tools/compiler/bin/../lib/gcc/arm-none-eabi/7.3.1/thumb/v6-m/crti.o
 .ARM.attributes
                0x000000000000001e       0x2c /home/shay/a/ece362/Ac6/SystemWorkbench/plugins/fr.ac6.mcu.externaltools.arm-none.linux64_1.17.0.201812190825/tools/compiler/bin/../lib/gcc/arm-none-eabi/7.3.1/thumb/v6-m/crtbegin.o
 .ARM.attributes
                0x000000000000004a       0x31 src/background.o
 .ARM.attributes
                0x000000000000007b       0x31 src/ball.o
 .ARM.attributes
                0x00000000000000ac       0x31 src/cat.o
 .ARM.attributes
                0x00000000000000dd       0x31 src/lcd.o
 .ARM.attributes
                0x000000000000010e       0x31 src/main.o
 .ARM.attributes
                0x000000000000013f       0x31 src/midi.o
 .ARM.attributes
                0x0000000000000170       0x31 src/step.o
 .ARM.attributes
                0x00000000000001a1       0x31 src/super.o
 .ARM.attributes
                0x00000000000001d2       0x31 src/support.o
 .ARM.attributes
                0x0000000000000203       0x31 src/syscalls.o
 .ARM.attributes
                0x0000000000000234       0x31 src/system_stm32f0xx.o
 .ARM.attributes
                0x0000000000000265       0x31 src/wavetable.o
 .ARM.attributes
                0x0000000000000296       0x21 startup/startup_stm32.o
 .ARM.attributes
                0x00000000000002b7       0x2c /home/shay/a/ece362/Ac6/SystemWorkbench/plugins/fr.ac6.mcu.externaltools.arm-none.linux64_1.17.0.201812190825/tools/compiler/bin/../lib/gcc/arm-none-eabi/7.3.1/../../../../arm-none-eabi/lib/thumb/v6-m/libm.a(lib_a-s_sin.o)
 .ARM.attributes
                0x00000000000002e3       0x2c /home/shay/a/ece362/Ac6/SystemWorkbench/plugins/fr.ac6.mcu.externaltools.arm-none.linux64_1.17.0.201812190825/tools/compiler/bin/../lib/gcc/arm-none-eabi/7.3.1/../../../../arm-none-eabi/lib/thumb/v6-m/libm.a(lib_a-e_rem_pio2.o)
 .ARM.attributes
                0x000000000000030f       0x2c /home/shay/a/ece362/Ac6/SystemWorkbench/plugins/fr.ac6.mcu.externaltools.arm-none.linux64_1.17.0.201812190825/tools/compiler/bin/../lib/gcc/arm-none-eabi/7.3.1/../../../../arm-none-eabi/lib/thumb/v6-m/libm.a(lib_a-k_cos.o)
 .ARM.attributes
                0x000000000000033b       0x2c /home/shay/a/ece362/Ac6/SystemWorkbench/plugins/fr.ac6.mcu.externaltools.arm-none.linux64_1.17.0.201812190825/tools/compiler/bin/../lib/gcc/arm-none-eabi/7.3.1/../../../../arm-none-eabi/lib/thumb/v6-m/libm.a(lib_a-k_rem_pio2.o)
 .ARM.attributes
                0x0000000000000367       0x2c /home/shay/a/ece362/Ac6/SystemWorkbench/plugins/fr.ac6.mcu.externaltools.arm-none.linux64_1.17.0.201812190825/tools/compiler/bin/../lib/gcc/arm-none-eabi/7.3.1/../../../../arm-none-eabi/lib/thumb/v6-m/libm.a(lib_a-k_sin.o)
 .ARM.attributes
                0x0000000000000393       0x2c /home/shay/a/ece362/Ac6/SystemWorkbench/plugins/fr.ac6.mcu.externaltools.arm-none.linux64_1.17.0.201812190825/tools/compiler/bin/../lib/gcc/arm-none-eabi/7.3.1/../../../../arm-none-eabi/lib/thumb/v6-m/libm.a(lib_a-s_fabs.o)
 .ARM.attributes
                0x00000000000003bf       0x2c /home/shay/a/ece362/Ac6/SystemWorkbench/plugins/fr.ac6.mcu.externaltools.arm-none.linux64_1.17.0.201812190825/tools/compiler/bin/../lib/gcc/arm-none-eabi/7.3.1/../../../../arm-none-eabi/lib/thumb/v6-m/libm.a(lib_a-s_floor.o)
 .ARM.attributes
                0x00000000000003eb       0x2c /home/shay/a/ece362/Ac6/SystemWorkbench/plugins/fr.ac6.mcu.externaltools.arm-none.linux64_1.17.0.201812190825/tools/compiler/bin/../lib/gcc/arm-none-eabi/7.3.1/../../../../arm-none-eabi/lib/thumb/v6-m/libm.a(lib_a-s_scalbn.o)
 .ARM.attributes
                0x0000000000000417       0x2c /home/shay/a/ece362/Ac6/SystemWorkbench/plugins/fr.ac6.mcu.externaltools.arm-none.linux64_1.17.0.201812190825/tools/compiler/bin/../lib/gcc/arm-none-eabi/7.3.1/../../../../arm-none-eabi/lib/thumb/v6-m/libm.a(lib_a-s_copysign.o)
 .ARM.attributes
                0x0000000000000443       0x1e /home/shay/a/ece362/Ac6/SystemWorkbench/plugins/fr.ac6.mcu.externaltools.arm-none.linux64_1.17.0.201812190825/tools/compiler/bin/../lib/gcc/arm-none-eabi/7.3.1/thumb/v6-m/libgcc.a(_udivsi3.o)
 .ARM.attributes
                0x0000000000000461       0x1e /home/shay/a/ece362/Ac6/SystemWorkbench/plugins/fr.ac6.mcu.externaltools.arm-none.linux64_1.17.0.201812190825/tools/compiler/bin/../lib/gcc/arm-none-eabi/7.3.1/thumb/v6-m/libgcc.a(_divsi3.o)
 .ARM.attributes
                0x000000000000047f       0x1e /home/shay/a/ece362/Ac6/SystemWorkbench/plugins/fr.ac6.mcu.externaltools.arm-none.linux64_1.17.0.201812190825/tools/compiler/bin/../lib/gcc/arm-none-eabi/7.3.1/thumb/v6-m/libgcc.a(_dvmd_tls.o)
 .ARM.attributes
                0x000000000000049d       0x1e /home/shay/a/ece362/Ac6/SystemWorkbench/plugins/fr.ac6.mcu.externaltools.arm-none.linux64_1.17.0.201812190825/tools/compiler/bin/../lib/gcc/arm-none-eabi/7.3.1/thumb/v6-m/libgcc.a(_arm_cmpdf2.o)
 .ARM.attributes
                0x00000000000004bb       0x2c /home/shay/a/ece362/Ac6/SystemWorkbench/plugins/fr.ac6.mcu.externaltools.arm-none.linux64_1.17.0.201812190825/tools/compiler/bin/../lib/gcc/arm-none-eabi/7.3.1/thumb/v6-m/libgcc.a(_muldi3.o)
 .ARM.attributes
                0x00000000000004e7       0x2c /home/shay/a/ece362/Ac6/SystemWorkbench/plugins/fr.ac6.mcu.externaltools.arm-none.linux64_1.17.0.201812190825/tools/compiler/bin/../lib/gcc/arm-none-eabi/7.3.1/thumb/v6-m/libgcc.a(mulsf3.o)
 .ARM.attributes
                0x0000000000000513       0x2c /home/shay/a/ece362/Ac6/SystemWorkbench/plugins/fr.ac6.mcu.externaltools.arm-none.linux64_1.17.0.201812190825/tools/compiler/bin/../lib/gcc/arm-none-eabi/7.3.1/thumb/v6-m/libgcc.a(fixsfsi.o)
 .ARM.attributes
                0x000000000000053f       0x2c /home/shay/a/ece362/Ac6/SystemWorkbench/plugins/fr.ac6.mcu.externaltools.arm-none.linux64_1.17.0.201812190825/tools/compiler/bin/../lib/gcc/arm-none-eabi/7.3.1/thumb/v6-m/libgcc.a(floatsisf.o)
 .ARM.attributes
                0x000000000000056b       0x2c /home/shay/a/ece362/Ac6/SystemWorkbench/plugins/fr.ac6.mcu.externaltools.arm-none.linux64_1.17.0.201812190825/tools/compiler/bin/../lib/gcc/arm-none-eabi/7.3.1/thumb/v6-m/libgcc.a(adddf3.o)
 .ARM.attributes
                0x0000000000000597       0x2c /home/shay/a/ece362/Ac6/SystemWorkbench/plugins/fr.ac6.mcu.externaltools.arm-none.linux64_1.17.0.201812190825/tools/compiler/bin/../lib/gcc/arm-none-eabi/7.3.1/thumb/v6-m/libgcc.a(divdf3.o)
 .ARM.attributes
                0x00000000000005c3       0x2c /home/shay/a/ece362/Ac6/SystemWorkbench/plugins/fr.ac6.mcu.externaltools.arm-none.linux64_1.17.0.201812190825/tools/compiler/bin/../lib/gcc/arm-none-eabi/7.3.1/thumb/v6-m/libgcc.a(eqdf2.o)
 .ARM.attributes
                0x00000000000005ef       0x2c /home/shay/a/ece362/Ac6/SystemWorkbench/plugins/fr.ac6.mcu.externaltools.arm-none.linux64_1.17.0.201812190825/tools/compiler/bin/../lib/gcc/arm-none-eabi/7.3.1/thumb/v6-m/libgcc.a(gedf2.o)
 .ARM.attributes
                0x000000000000061b       0x2c /home/shay/a/ece362/Ac6/SystemWorkbench/plugins/fr.ac6.mcu.externaltools.arm-none.linux64_1.17.0.201812190825/tools/compiler/bin/../lib/gcc/arm-none-eabi/7.3.1/thumb/v6-m/libgcc.a(ledf2.o)
 .ARM.attributes
                0x0000000000000647       0x2c /home/shay/a/ece362/Ac6/SystemWorkbench/plugins/fr.ac6.mcu.externaltools.arm-none.linux64_1.17.0.201812190825/tools/compiler/bin/../lib/gcc/arm-none-eabi/7.3.1/thumb/v6-m/libgcc.a(muldf3.o)
 .ARM.attributes
                0x0000000000000673       0x2c /home/shay/a/ece362/Ac6/SystemWorkbench/plugins/fr.ac6.mcu.externaltools.arm-none.linux64_1.17.0.201812190825/tools/compiler/bin/../lib/gcc/arm-none-eabi/7.3.1/thumb/v6-m/libgcc.a(subdf3.o)
 .ARM.attributes
                0x000000000000069f       0x2c /home/shay/a/ece362/Ac6/SystemWorkbench/plugins/fr.ac6.mcu.externaltools.arm-none.linux64_1.17.0.201812190825/tools/compiler/bin/../lib/gcc/arm-none-eabi/7.3.1/thumb/v6-m/libgcc.a(fixdfsi.o)
 .ARM.attributes
                0x00000000000006cb       0x2c /home/shay/a/ece362/Ac6/SystemWorkbench/plugins/fr.ac6.mcu.externaltools.arm-none.linux64_1.17.0.201812190825/tools/compiler/bin/../lib/gcc/arm-none-eabi/7.3.1/thumb/v6-m/libgcc.a(floatsidf.o)
 .ARM.attributes
                0x00000000000006f7       0x1e /home/shay/a/ece362/Ac6/SystemWorkbench/plugins/fr.ac6.mcu.externaltools.arm-none.linux64_1.17.0.201812190825/tools/compiler/bin/../lib/gcc/arm-none-eabi/7.3.1/thumb/v6-m/libgcc.a(_clzsi2.o)
 .ARM.attributes
                0x0000000000000715       0x2c /home/shay/a/ece362/Ac6/SystemWorkbench/plugins/fr.ac6.mcu.externaltools.arm-none.linux64_1.17.0.201812190825/tools/compiler/bin/../lib/gcc/arm-none-eabi/7.3.1/../../../../arm-none-eabi/lib/thumb/v6-m/libc.a(lib_a-errno.o)
 .ARM.attributes
                0x0000000000000741       0x2c /home/shay/a/ece362/Ac6/SystemWorkbench/plugins/fr.ac6.mcu.externaltools.arm-none.linux64_1.17.0.201812190825/tools/compiler/bin/../lib/gcc/arm-none-eabi/7.3.1/../../../../arm-none-eabi/lib/thumb/v6-m/libc.a(lib_a-impure.o)
 .ARM.attributes
                0x000000000000076d       0x2c /home/shay/a/ece362/Ac6/SystemWorkbench/plugins/fr.ac6.mcu.externaltools.arm-none.linux64_1.17.0.201812190825/tools/compiler/bin/../lib/gcc/arm-none-eabi/7.3.1/../../../../arm-none-eabi/lib/thumb/v6-m/libc.a(lib_a-init.o)
 .ARM.attributes
                0x0000000000000799       0x2c /home/shay/a/ece362/Ac6/SystemWorkbench/plugins/fr.ac6.mcu.externaltools.arm-none.linux64_1.17.0.201812190825/tools/compiler/bin/../lib/gcc/arm-none-eabi/7.3.1/../../../../arm-none-eabi/lib/thumb/v6-m/libc.a(lib_a-itoa.o)
 .ARM.attributes
                0x00000000000007c5       0x2c /home/shay/a/ece362/Ac6/SystemWorkbench/plugins/fr.ac6.mcu.externaltools.arm-none.linux64_1.17.0.201812190825/tools/compiler/bin/../lib/gcc/arm-none-eabi/7.3.1/../../../../arm-none-eabi/lib/thumb/v6-m/libc.a(lib_a-malloc.o)
 .ARM.attributes
                0x00000000000007f1       0x2c /home/shay/a/ece362/Ac6/SystemWorkbench/plugins/fr.ac6.mcu.externaltools.arm-none.linux64_1.17.0.201812190825/tools/compiler/bin/../lib/gcc/arm-none-eabi/7.3.1/../../../../arm-none-eabi/lib/thumb/v6-m/libc.a(lib_a-mallocr.o)
 .ARM.attributes
                0x000000000000081d       0x2c /home/shay/a/ece362/Ac6/SystemWorkbench/plugins/fr.ac6.mcu.externaltools.arm-none.linux64_1.17.0.201812190825/tools/compiler/bin/../lib/gcc/arm-none-eabi/7.3.1/../../../../arm-none-eabi/lib/thumb/v6-m/libc.a(lib_a-memcpy-stub.o)
 .ARM.attributes
                0x0000000000000849       0x2c /home/shay/a/ece362/Ac6/SystemWorkbench/plugins/fr.ac6.mcu.externaltools.arm-none.linux64_1.17.0.201812190825/tools/compiler/bin/../lib/gcc/arm-none-eabi/7.3.1/../../../../arm-none-eabi/lib/thumb/v6-m/libc.a(lib_a-memset.o)
 .ARM.attributes
                0x0000000000000875       0x2c /home/shay/a/ece362/Ac6/SystemWorkbench/plugins/fr.ac6.mcu.externaltools.arm-none.linux64_1.17.0.201812190825/tools/compiler/bin/../lib/gcc/arm-none-eabi/7.3.1/../../../../arm-none-eabi/lib/thumb/v6-m/libc.a(lib_a-mlock.o)
 .ARM.attributes
                0x00000000000008a1       0x2c /home/shay/a/ece362/Ac6/SystemWorkbench/plugins/fr.ac6.mcu.externaltools.arm-none.linux64_1.17.0.201812190825/tools/compiler/bin/../lib/gcc/arm-none-eabi/7.3.1/../../../../arm-none-eabi/lib/thumb/v6-m/libc.a(lib_a-puts.o)
 .ARM.attributes
                0x00000000000008cd       0x2c /home/shay/a/ece362/Ac6/SystemWorkbench/plugins/fr.ac6.mcu.externaltools.arm-none.linux64_1.17.0.201812190825/tools/compiler/bin/../lib/gcc/arm-none-eabi/7.3.1/../../../../arm-none-eabi/lib/thumb/v6-m/libc.a(lib_a-rand.o)
 .ARM.attributes
                0x00000000000008f9       0x2c /home/shay/a/ece362/Ac6/SystemWorkbench/plugins/fr.ac6.mcu.externaltools.arm-none.linux64_1.17.0.201812190825/tools/compiler/bin/../lib/gcc/arm-none-eabi/7.3.1/../../../../arm-none-eabi/lib/thumb/v6-m/libc.a(lib_a-sbrkr.o)
 .ARM.attributes
                0x0000000000000925       0x2c /home/shay/a/ece362/Ac6/SystemWorkbench/plugins/fr.ac6.mcu.externaltools.arm-none.linux64_1.17.0.201812190825/tools/compiler/bin/../lib/gcc/arm-none-eabi/7.3.1/../../../../arm-none-eabi/lib/thumb/v6-m/libc.a(lib_a-setbuf.o)
 .ARM.attributes
                0x0000000000000951       0x2c /home/shay/a/ece362/Ac6/SystemWorkbench/plugins/fr.ac6.mcu.externaltools.arm-none.linux64_1.17.0.201812190825/tools/compiler/bin/../lib/gcc/arm-none-eabi/7.3.1/../../../../arm-none-eabi/lib/thumb/v6-m/libc.a(lib_a-setvbuf.o)
 .ARM.attributes
                0x000000000000097d       0x2c /home/shay/a/ece362/Ac6/SystemWorkbench/plugins/fr.ac6.mcu.externaltools.arm-none.linux64_1.17.0.201812190825/tools/compiler/bin/../lib/gcc/arm-none-eabi/7.3.1/../../../../arm-none-eabi/lib/thumb/v6-m/libc.a(lib_a-strlen-stub.o)
 .ARM.attributes
                0x00000000000009a9       0x2c /home/shay/a/ece362/Ac6/SystemWorkbench/plugins/fr.ac6.mcu.externaltools.arm-none.linux64_1.17.0.201812190825/tools/compiler/bin/../lib/gcc/arm-none-eabi/7.3.1/../../../../arm-none-eabi/lib/thumb/v6-m/libc.a(lib_a-strncmp.o)
 .ARM.attributes
                0x00000000000009d5       0x2c /home/shay/a/ece362/Ac6/SystemWorkbench/plugins/fr.ac6.mcu.externaltools.arm-none.linux64_1.17.0.201812190825/tools/compiler/bin/../lib/gcc/arm-none-eabi/7.3.1/../../../../arm-none-eabi/lib/thumb/v6-m/libc.a(lib_a-utoa.o)
 .ARM.attributes
                0x0000000000000a01       0x2c /home/shay/a/ece362/Ac6/SystemWorkbench/plugins/fr.ac6.mcu.externaltools.arm-none.linux64_1.17.0.201812190825/tools/compiler/bin/../lib/gcc/arm-none-eabi/7.3.1/../../../../arm-none-eabi/lib/thumb/v6-m/libc.a(lib_a-wsetup.o)
 .ARM.attributes
                0x0000000000000a2d       0x2c /home/shay/a/ece362/Ac6/SystemWorkbench/plugins/fr.ac6.mcu.externaltools.arm-none.linux64_1.17.0.201812190825/tools/compiler/bin/../lib/gcc/arm-none-eabi/7.3.1/../../../../arm-none-eabi/lib/thumb/v6-m/libc.a(lib_a-__call_atexit.o)
 .ARM.attributes
                0x0000000000000a59       0x2c /home/shay/a/ece362/Ac6/SystemWorkbench/plugins/fr.ac6.mcu.externaltools.arm-none.linux64_1.17.0.201812190825/tools/compiler/bin/../lib/gcc/arm-none-eabi/7.3.1/../../../../arm-none-eabi/lib/thumb/v6-m/libc.a(lib_a-atexit.o)
 .ARM.attributes
                0x0000000000000a85       0x2c /home/shay/a/ece362/Ac6/SystemWorkbench/plugins/fr.ac6.mcu.externaltools.arm-none.linux64_1.17.0.201812190825/tools/compiler/bin/../lib/gcc/arm-none-eabi/7.3.1/../../../../arm-none-eabi/lib/thumb/v6-m/libc.a(lib_a-fflush.o)
 .ARM.attributes
                0x0000000000000ab1       0x2c /home/shay/a/ece362/Ac6/SystemWorkbench/plugins/fr.ac6.mcu.externaltools.arm-none.linux64_1.17.0.201812190825/tools/compiler/bin/../lib/gcc/arm-none-eabi/7.3.1/../../../../arm-none-eabi/lib/thumb/v6-m/libc.a(lib_a-findfp.o)
 .ARM.attributes
                0x0000000000000add       0x2c /home/shay/a/ece362/Ac6/SystemWorkbench/plugins/fr.ac6.mcu.externaltools.arm-none.linux64_1.17.0.201812190825/tools/compiler/bin/../lib/gcc/arm-none-eabi/7.3.1/../../../../arm-none-eabi/lib/thumb/v6-m/libc.a(lib_a-fini.o)
 .ARM.attributes
                0x0000000000000b09       0x2c /home/shay/a/ece362/Ac6/SystemWorkbench/plugins/fr.ac6.mcu.externaltools.arm-none.linux64_1.17.0.201812190825/tools/compiler/bin/../lib/gcc/arm-none-eabi/7.3.1/../../../../arm-none-eabi/lib/thumb/v6-m/libc.a(lib_a-freer.o)
 .ARM.attributes
                0x0000000000000b35       0x2c /home/shay/a/ece362/Ac6/SystemWorkbench/plugins/fr.ac6.mcu.externaltools.arm-none.linux64_1.17.0.201812190825/tools/compiler/bin/../lib/gcc/arm-none-eabi/7.3.1/../../../../arm-none-eabi/lib/thumb/v6-m/libc.a(lib_a-fvwrite.o)
 .ARM.attributes
                0x0000000000000b61       0x2c /home/shay/a/ece362/Ac6/SystemWorkbench/plugins/fr.ac6.mcu.externaltools.arm-none.linux64_1.17.0.201812190825/tools/compiler/bin/../lib/gcc/arm-none-eabi/7.3.1/../../../../arm-none-eabi/lib/thumb/v6-m/libc.a(lib_a-fwalk.o)
 .ARM.attributes
                0x0000000000000b8d       0x2c /home/shay/a/ece362/Ac6/SystemWorkbench/plugins/fr.ac6.mcu.externaltools.arm-none.linux64_1.17.0.201812190825/tools/compiler/bin/../lib/gcc/arm-none-eabi/7.3.1/../../../../arm-none-eabi/lib/thumb/v6-m/libc.a(lib_a-lock.o)
 .ARM.attributes
                0x0000000000000bb9       0x2c /home/shay/a/ece362/Ac6/SystemWorkbench/plugins/fr.ac6.mcu.externaltools.arm-none.linux64_1.17.0.201812190825/tools/compiler/bin/../lib/gcc/arm-none-eabi/7.3.1/../../../../arm-none-eabi/lib/thumb/v6-m/libc.a(lib_a-makebuf.o)
 .ARM.attributes
                0x0000000000000be5       0x2c /home/shay/a/ece362/Ac6/SystemWorkbench/plugins/fr.ac6.mcu.externaltools.arm-none.linux64_1.17.0.201812190825/tools/compiler/bin/../lib/gcc/arm-none-eabi/7.3.1/../../../../arm-none-eabi/lib/thumb/v6-m/libc.a(lib_a-memchr-stub.o)
 .ARM.attributes
                0x0000000000000c11       0x2c /home/shay/a/ece362/Ac6/SystemWorkbench/plugins/fr.ac6.mcu.externaltools.arm-none.linux64_1.17.0.201812190825/tools/compiler/bin/../lib/gcc/arm-none-eabi/7.3.1/../../../../arm-none-eabi/lib/thumb/v6-m/libc.a(lib_a-memmove.o)
 .ARM.attributes
                0x0000000000000c3d       0x2c /home/shay/a/ece362/Ac6/SystemWorkbench/plugins/fr.ac6.mcu.externaltools.arm-none.linux64_1.17.0.201812190825/tools/compiler/bin/../lib/gcc/arm-none-eabi/7.3.1/../../../../arm-none-eabi/lib/thumb/v6-m/libc.a(lib_a-reallocr.o)
 .ARM.attributes
                0x0000000000000c69       0x2c /home/shay/a/ece362/Ac6/SystemWorkbench/plugins/fr.ac6.mcu.externaltools.arm-none.linux64_1.17.0.201812190825/tools/compiler/bin/../lib/gcc/arm-none-eabi/7.3.1/../../../../arm-none-eabi/lib/thumb/v6-m/libc.a(lib_a-reent.o)
 .ARM.attributes
                0x0000000000000c95       0x2c /home/shay/a/ece362/Ac6/SystemWorkbench/plugins/fr.ac6.mcu.externaltools.arm-none.linux64_1.17.0.201812190825/tools/compiler/bin/../lib/gcc/arm-none-eabi/7.3.1/../../../../arm-none-eabi/lib/thumb/v6-m/libc.a(lib_a-stdio.o)
 .ARM.attributes
                0x0000000000000cc1       0x2c /home/shay/a/ece362/Ac6/SystemWorkbench/plugins/fr.ac6.mcu.externaltools.arm-none.linux64_1.17.0.201812190825/tools/compiler/bin/../lib/gcc/arm-none-eabi/7.3.1/../../../../arm-none-eabi/lib/thumb/v6-m/libc.a(lib_a-writer.o)
 .ARM.attributes
                0x0000000000000ced       0x2c /home/shay/a/ece362/Ac6/SystemWorkbench/plugins/fr.ac6.mcu.externaltools.arm-none.linux64_1.17.0.201812190825/tools/compiler/bin/../lib/gcc/arm-none-eabi/7.3.1/../../../../arm-none-eabi/lib/thumb/v6-m/libc.a(lib_a-__atexit.o)
 .ARM.attributes
                0x0000000000000d19       0x2c /home/shay/a/ece362/Ac6/SystemWorkbench/plugins/fr.ac6.mcu.externaltools.arm-none.linux64_1.17.0.201812190825/tools/compiler/bin/../lib/gcc/arm-none-eabi/7.3.1/../../../../arm-none-eabi/lib/thumb/v6-m/libc.a(lib_a-closer.o)
 .ARM.attributes
                0x0000000000000d45       0x2c /home/shay/a/ece362/Ac6/SystemWorkbench/plugins/fr.ac6.mcu.externaltools.arm-none.linux64_1.17.0.201812190825/tools/compiler/bin/../lib/gcc/arm-none-eabi/7.3.1/../../../../arm-none-eabi/lib/thumb/v6-m/libc.a(lib_a-fclose.o)
 .ARM.attributes
                0x0000000000000d71       0x2c /home/shay/a/ece362/Ac6/SystemWorkbench/plugins/fr.ac6.mcu.externaltools.arm-none.linux64_1.17.0.201812190825/tools/compiler/bin/../lib/gcc/arm-none-eabi/7.3.1/../../../../arm-none-eabi/lib/thumb/v6-m/libc.a(lib_a-fstatr.o)
 .ARM.attributes
                0x0000000000000d9d       0x2c /home/shay/a/ece362/Ac6/SystemWorkbench/plugins/fr.ac6.mcu.externaltools.arm-none.linux64_1.17.0.201812190825/tools/compiler/bin/../lib/gcc/arm-none-eabi/7.3.1/../../../../arm-none-eabi/lib/thumb/v6-m/libc.a(lib_a-isattyr.o)
 .ARM.attributes
                0x0000000000000dc9       0x2c /home/shay/a/ece362/Ac6/SystemWorkbench/plugins/fr.ac6.mcu.externaltools.arm-none.linux64_1.17.0.201812190825/tools/compiler/bin/../lib/gcc/arm-none-eabi/7.3.1/../../../../arm-none-eabi/lib/thumb/v6-m/libc.a(lib_a-lseekr.o)
 .ARM.attributes
                0x0000000000000df5       0x2c /home/shay/a/ece362/Ac6/SystemWorkbench/plugins/fr.ac6.mcu.externaltools.arm-none.linux64_1.17.0.201812190825/tools/compiler/bin/../lib/gcc/arm-none-eabi/7.3.1/../../../../arm-none-eabi/lib/thumb/v6-m/libc.a(lib_a-readr.o)
 .ARM.attributes
                0x0000000000000e21       0x1e /home/shay/a/ece362/Ac6/SystemWorkbench/plugins/fr.ac6.mcu.externaltools.arm-none.linux64_1.17.0.201812190825/tools/compiler/bin/../lib/gcc/arm-none-eabi/7.3.1/thumb/v6-m/crtn.o
OUTPUT(G15.elf elf32-littlearm)

.debug_info     0x0000000000000000     0x82e1
 .debug_info    0x0000000000000000       0x95 src/background.o
 .debug_info    0x0000000000000095       0x91 src/ball.o
 .debug_info    0x0000000000000126       0x91 src/cat.o
 .debug_info    0x00000000000001b7     0x177b src/lcd.o
 .debug_info    0x0000000000001932     0x18f1 src/main.o
 .debug_info    0x0000000000003223     0x14fe src/midi.o
 .debug_info    0x0000000000004721       0xa2 src/step.o
 .debug_info    0x00000000000047c3       0xaa src/super.o
 .debug_info    0x000000000000486d     0x1e36 src/support.o
 .debug_info    0x00000000000066a3      0xf2e src/syscalls.o
 .debug_info    0x00000000000075d1      0x306 src/system_stm32f0xx.o
 .debug_info    0x00000000000078d7      0x9e8 src/wavetable.o
 .debug_info    0x00000000000082bf       0x22 startup/startup_stm32.o

.debug_abbrev   0x0000000000000000     0x1622
 .debug_abbrev  0x0000000000000000       0x64 src/background.o
 .debug_abbrev  0x0000000000000064       0x64 src/ball.o
 .debug_abbrev  0x00000000000000c8       0x64 src/cat.o
 .debug_abbrev  0x000000000000012c      0x366 src/lcd.o
 .debug_abbrev  0x0000000000000492      0x3bb src/main.o
 .debug_abbrev  0x000000000000084d      0x2c5 src/midi.o
 .debug_abbrev  0x0000000000000b12       0x6e src/step.o
 .debug_abbrev  0x0000000000000b80       0x60 src/super.o
 .debug_abbrev  0x0000000000000be0      0x3fe src/support.o
 .debug_abbrev  0x0000000000000fde      0x2aa src/syscalls.o
 .debug_abbrev  0x0000000000001288      0x15b src/system_stm32f0xx.o
 .debug_abbrev  0x00000000000013e3      0x22d src/wavetable.o
 .debug_abbrev  0x0000000000001610       0x12 startup/startup_stm32.o

.debug_aranges  0x0000000000000000      0x5f8
 .debug_aranges
                0x0000000000000000       0x18 src/background.o
 .debug_aranges
                0x0000000000000018       0x18 src/ball.o
 .debug_aranges
                0x0000000000000030       0x18 src/cat.o
 .debug_aranges
                0x0000000000000048      0x128 src/lcd.o
 .debug_aranges
                0x0000000000000170       0xf0 src/main.o
 .debug_aranges
                0x0000000000000260      0x138 src/midi.o
 .debug_aranges
                0x0000000000000398       0x18 src/step.o
 .debug_aranges
                0x00000000000003b0       0x18 src/super.o
 .debug_aranges
                0x00000000000003c8       0xe8 src/support.o
 .debug_aranges
                0x00000000000004b0       0xb0 src/syscalls.o
 .debug_aranges
                0x0000000000000560       0x30 src/system_stm32f0xx.o
 .debug_aranges
                0x0000000000000590       0x40 src/wavetable.o
 .debug_aranges
                0x00000000000005d0       0x28 startup/startup_stm32.o

.debug_macro    0x0000000000000000     0x28f0
 .debug_macro   0x0000000000000000       0x11 src/background.o
 .debug_macro   0x0000000000000011       0x11 src/ball.o
 .debug_macro   0x0000000000000022       0x11 src/cat.o
 .debug_macro   0x0000000000000033      0x2aa src/lcd.o
 .debug_macro   0x00000000000002dd       0x18 src/lcd.o
 .debug_macro   0x00000000000002f5       0x5e src/lcd.o
 .debug_macro   0x0000000000000353       0x35 src/lcd.o
 .debug_macro   0x0000000000000388       0x34 src/lcd.o
 .debug_macro   0x00000000000003bc       0x16 src/lcd.o
 .debug_macro   0x00000000000003d2      0x10e src/lcd.o
 .debug_macro   0x00000000000004e0       0x8d src/lcd.o
 .debug_macro   0x000000000000056d       0x58 src/lcd.o
 .debug_macro   0x00000000000005c5       0x1f src/lcd.o
 .debug_macro   0x00000000000005e4       0x43 src/lcd.o
 .debug_macro   0x0000000000000627       0x20 src/lcd.o
 .debug_macro   0x0000000000000647      0x18e src/lcd.o
 .debug_macro   0x00000000000007d5      0x330 src/lcd.o
 .debug_macro   0x0000000000000b05       0x16 src/lcd.o
 .debug_macro   0x0000000000000b1b       0x29 src/lcd.o
 .debug_macro   0x0000000000000b44       0x94 src/lcd.o
 .debug_macro   0x0000000000000bd8      0x354 src/main.o
 .debug_macro   0x0000000000000f2c       0x10 src/main.o
 .debug_macro   0x0000000000000f3c       0x16 src/main.o
 .debug_macro   0x0000000000000f52       0x1c src/main.o
 .debug_macro   0x0000000000000f6e       0x35 src/main.o
 .debug_macro   0x0000000000000fa3       0x10 src/main.o
 .debug_macro   0x0000000000000fb3       0x10 src/main.o
 .debug_macro   0x0000000000000fc3       0x1c src/main.o
 .debug_macro   0x0000000000000fdf       0x52 src/main.o
 .debug_macro   0x0000000000001031       0x40 src/main.o
 .debug_macro   0x0000000000001071       0x10 src/main.o
 .debug_macro   0x0000000000001081       0x40 src/main.o
 .debug_macro   0x00000000000010c1       0xd7 src/main.o
 .debug_macro   0x0000000000001198       0x1c src/main.o
 .debug_macro   0x00000000000011b4       0x3d src/main.o
 .debug_macro   0x00000000000011f1       0x16 src/main.o
 .debug_macro   0x0000000000001207      0x16f src/main.o
 .debug_macro   0x0000000000001376      0x139 src/midi.o
 .debug_macro   0x00000000000014af      0x174 src/midi.o
 .debug_macro   0x0000000000001623       0x10 src/midi.o
 .debug_macro   0x0000000000001633       0x92 src/step.o
 .debug_macro   0x00000000000016c5       0x63 src/super.o
 .debug_macro   0x0000000000001728      0x351 src/support.o
 .debug_macro   0x0000000000001a79       0x9a src/support.o
 .debug_macro   0x0000000000001b13      0x243 src/syscalls.o
 .debug_macro   0x0000000000001d56       0x58 src/syscalls.o
 .debug_macro   0x0000000000001dae       0x94 src/syscalls.o
 .debug_macro   0x0000000000001e42       0x57 src/syscalls.o
 .debug_macro   0x0000000000001e99       0x10 src/syscalls.o
 .debug_macro   0x0000000000001ea9       0x10 src/syscalls.o
 .debug_macro   0x0000000000001eb9       0x10 src/syscalls.o
 .debug_macro   0x0000000000001ec9       0x35 src/syscalls.o
 .debug_macro   0x0000000000001efe      0x122 src/syscalls.o
 .debug_macro   0x0000000000002020       0x10 src/syscalls.o
 .debug_macro   0x0000000000002030      0x241 src/syscalls.o
 .debug_macro   0x0000000000002271       0x10 src/syscalls.o
 .debug_macro   0x0000000000002281      0x189 src/syscalls.o
 .debug_macro   0x000000000000240a       0x16 src/syscalls.o
 .debug_macro   0x0000000000002420       0x88 src/syscalls.o
 .debug_macro   0x00000000000024a8      0x189 src/system_stm32f0xx.o
 .debug_macro   0x0000000000002631       0xde src/wavetable.o
 .debug_macro   0x000000000000270f      0x1e1 src/wavetable.o

.debug_line     0x0000000000000000     0x4025
 .debug_line    0x0000000000000000       0x34 src/background.o
 .debug_line    0x0000000000000034       0x2e src/ball.o
 .debug_line    0x0000000000000062       0x2d src/cat.o
 .debug_line    0x000000000000008f      0xba4 src/lcd.o
 .debug_line    0x0000000000000c33      0xb19 src/main.o
 .debug_line    0x000000000000174c      0x6d1 src/midi.o
 .debug_line    0x0000000000001e1d       0x3c src/step.o
 .debug_line    0x0000000000001e59      0x2fe src/super.o
 .debug_line    0x0000000000002157      0xdd2 src/support.o
 .debug_line    0x0000000000002f29      0x62b src/syscalls.o
 .debug_line    0x0000000000003554      0x64d src/system_stm32f0xx.o
 .debug_line    0x0000000000003ba1      0x408 src/wavetable.o